result
IKResult(js_solution=JointState(position=tensor([[[ 3.2685e-01,  1.9701e+00, -9.6153e-01, -7.5802e-01,  1.2200e+00,
          -2.1529e+00,  4.0000e-02, -4.0000e-02,  1.3845e-01, -1.0000e-02,
           1.0000e-02,  1.2388e+00, -3.5130e-01,  4.1275e-01,  4.0000e-02,
          -4.0000e-02]],

        [[ 3.4503e-01,  1.8360e+00, -7.7543e-01, -8.3650e-01,  1.0733e+00,
          -2.1747e+00,  4.0000e-02, -4.0000e-02,  1.9727e-01,  7.6961e-01,
          -3.8753e-01, -3.0154e-01,  6.3040e-01, -7.7988e-01,  4.0000e-02,
          -4.0000e-02]],

        [[-1.1850e+00,  1.5829e+00, -3.5846e-01,  1.2972e+00,  8.4565e-01,
          -9.1352e-01,  4.0000e-02, -4.0000e-02, -4.9573e-01,  3.5540e-01,
          -2.8473e-01, -3.5075e-01, -1.3670e-01,  7.6030e-01,  4.0000e-02,
          -4.0000e-02]],

        [[-1.6369e-01,  8.8705e-01, -1.3634e-01,  1.4328e+00, -2.2116e-01,
           1.6717e-01,  4.0000e-02, -4.0000e-02, -1.2706e-02,  2.6325e-01,
          -1.6456e-01,  1.9515e-02,  2.4216e-03,  3.0038e-02,  4.0000e-02,
          -4.0000e-02]],

        [[-1.2120e+00,  1.7221e+00, -7.5329e-01,  9.2620e-01,  1.2200e+00,
          -1.0459e+00,  4.0000e-02, -4.0000e-02, -8.0471e-01,  2.4405e+00,
          -1.3165e+00, -3.6781e-01, -2.3771e-01,  1.0781e+00,  4.0000e-02,
          -4.0000e-02]],

        [[ 3.3024e-01,  1.7347e+00, -9.1781e-01, -7.7153e-01,  1.2200e+00,
          -2.3711e+00,  4.0000e-02, -4.0000e-02, -4.9388e-02,  1.9357e-01,
          -7.8445e-02,  3.5838e-02,  3.4977e-03, -6.5994e-04,  4.0000e-02,
          -4.0000e-02]],

        [[-1.2066e+00,  1.8681e+00, -8.1728e-01,  9.3698e-01,  1.2200e+00,
          -1.1073e+00,  4.0000e-02, -4.0000e-02, -1.4575e+00, -4.6859e-03,
           5.4333e-03,  3.4814e-01, -5.3335e-01, -2.1232e+00,  4.0000e-02,
          -4.0000e-02]],

        [[-9.2668e-01,  1.2989e+00, -5.4608e-01,  7.7589e-01,  8.1264e-01,
          -5.5608e-05,  4.0000e-02, -4.0000e-02, -3.9477e-02,  7.1382e-02,
          -8.2409e-02, -1.0951e-01, -8.0374e-02,  3.6199e-01,  4.0000e-02,
          -4.0000e-02]],

        [[ 5.1150e-01,  1.8208e+00, -5.7630e-01, -1.0834e+00,  1.0982e+00,
          -2.0931e+00,  4.0000e-02, -4.0000e-02,  8.5827e-01,  2.7192e-01,
          -1.5971e+00,  2.3144e-01, -5.1910e-01, -5.8472e-01,  4.0000e-02,
          -4.0000e-02]],

        [[-1.4520e+00,  1.8752e+00, -2.0112e-01, -1.5413e+00, -1.1276e+00,
           1.6867e+00,  4.0000e-02, -4.0000e-02, -2.0022e-01,  1.1920e-02,
          -2.6583e-01,  2.7972e-01, -2.7708e-03,  4.1733e-01,  4.0000e-02,
          -4.0000e-02]],

        [[ 6.6025e-01,  1.8072e+00, -1.6905e-01,  1.5428e+00, -1.0977e+00,
           1.4669e+00,  4.0000e-02, -4.0000e-02, -1.1274e-01,  3.0198e-01,
          -2.3777e-01,  1.0121e-01,  4.0544e-02, -7.1440e-03,  4.0000e-02,
          -4.0000e-02]],

        [[ 6.2129e-01,  1.6047e+00, -4.0603e-01, -1.1862e+00,  1.1077e+00,
          -1.8732e+00,  4.0000e-02, -4.0000e-02,  2.9968e-01,  8.9063e-01,
          -7.4547e-01,  1.6491e-02, -4.0195e-01,  2.0559e-01,  4.0000e-02,
          -4.0000e-02]],

        [[-9.3606e-01,  1.3521e+00, -5.0434e-01,  8.4393e-01,  7.5228e-01,
          -3.6632e-01,  4.0000e-02, -4.0000e-02, -2.3131e-02,  4.2361e-02,
          -1.0959e-01, -4.7747e-02,  2.8928e-02,  6.4076e-02,  4.0000e-02,
          -4.0000e-02]],

        [[ 4.1053e-01,  1.4567e+00, -4.3620e-01, -1.1666e+00,  8.7678e-01,
          -2.4946e+00,  4.0000e-02, -4.0000e-02, -3.2831e-01,  3.1646e-02,
          -1.1816e+00,  5.9058e-03,  2.6385e-01,  5.7529e-01,  4.0000e-02,
          -4.0000e-02]],

        [[ 5.1087e-01,  1.7630e+00, -5.9694e-01, -1.0503e+00,  1.1359e+00,
          -1.9079e+00,  4.0000e-02, -4.0000e-02, -1.2003e-01,  4.2654e-01,
          -3.9344e-01, -8.2561e-01, -1.1236e+00,  5.0510e-01,  4.0000e-02,
          -4.0000e-02]],

        [[ 5.1083e-01,  1.7630e+00, -5.9690e-01, -1.0504e+00,  1.1358e+00,
          -1.9078e+00,  4.0000e-02, -4.0000e-02, -1.3722e-01, -4.7880e-03,
           5.5210e-03,  7.6703e-02, -5.7015e-01,  9.2851e-03,  4.0000e-02,
          -4.0000e-02]],

        [[ 5.1083e-01,  1.7630e+00, -5.9693e-01, -1.0504e+00,  1.1359e+00,
          -1.9079e+00,  4.0000e-02, -4.0000e-02,  2.0680e+00,  1.0581e+00,
          -1.5803e+00, -6.1808e-01, -2.4035e-01, -1.1675e+00,  4.0000e-02,
          -4.0000e-02]],

        [[ 5.1086e-01,  1.7630e+00, -5.9696e-01, -1.0504e+00,  1.1359e+00,
          -1.9078e+00,  4.0000e-02, -4.0000e-02, -5.5181e-01,  7.6730e-01,
          -1.0638e+00,  1.2480e+00,  2.3799e-02, -2.7297e-02,  4.0000e-02,
          -4.0000e-02]],

        [[ 5.1080e-01,  1.7630e+00, -5.9696e-01, -1.0504e+00,  1.1359e+00,
          -1.9079e+00,  4.0000e-02, -4.0000e-02,  8.5932e-01,  4.9480e-01,
          -1.1642e+00, -9.4384e-02,  4.3671e-02,  9.7557e-01,  4.0000e-02,
          -4.0000e-02]],

        [[ 5.1083e-01,  1.7630e+00, -5.9695e-01, -1.0503e+00,  1.1359e+00,
          -1.9079e+00,  4.0000e-02, -4.0000e-02,  1.6498e-01,  2.9907e-01,
          -3.8006e-01, -1.0888e-01, -1.1391e-01,  2.0237e-01,  4.0000e-02,
          -4.0000e-02]]], device='cuda:0'), velocity=tensor([[[0., 0., 0., 0., 0., 0., 0., 0., 0., 0., 0., 0., 0., 0., 0., 0.]],

        [[0., 0., 0., 0., 0., 0., 0., 0., 0., 0., 0., 0., 0., 0., 0., 0.]],

        [[0., 0., 0., 0., 0., 0., 0., 0., 0., 0., 0., 0., 0., 0., 0., 0.]],

        [[0., 0., 0., 0., 0., 0., 0., 0., 0., 0., 0., 0., 0., 0., 0., 0.]],

        [[0., 0., 0., 0., 0., 0., 0., 0., 0., 0., 0., 0., 0., 0., 0., 0.]],

        [[0., 0., 0., 0., 0., 0., 0., 0., 0., 0., 0., 0., 0., 0., 0., 0.]],

        [[0., 0., 0., 0., 0., 0., 0., 0., 0., 0., 0., 0., 0., 0., 0., 0.]],

        [[0., 0., 0., 0., 0., 0., 0., 0., 0., 0., 0., 0., 0., 0., 0., 0.]],

        [[0., 0., 0., 0., 0., 0., 0., 0., 0., 0., 0., 0., 0., 0., 0., 0.]],

        [[0., 0., 0., 0., 0., 0., 0., 0., 0., 0., 0., 0., 0., 0., 0., 0.]],

        [[0., 0., 0., 0., 0., 0., 0., 0., 0., 0., 0., 0., 0., 0., 0., 0.]],

        [[0., 0., 0., 0., 0., 0., 0., 0., 0., 0., 0., 0., 0., 0., 0., 0.]],

        [[0., 0., 0., 0., 0., 0., 0., 0., 0., 0., 0., 0., 0., 0., 0., 0.]],

        [[0., 0., 0., 0., 0., 0., 0., 0., 0., 0., 0., 0., 0., 0., 0., 0.]],

        [[0., 0., 0., 0., 0., 0., 0., 0., 0., 0., 0., 0., 0., 0., 0., 0.]],

        [[0., 0., 0., 0., 0., 0., 0., 0., 0., 0., 0., 0., 0., 0., 0., 0.]],

        [[0., 0., 0., 0., 0., 0., 0., 0., 0., 0., 0., 0., 0., 0., 0., 0.]],

        [[0., 0., 0., 0., 0., 0., 0., 0., 0., 0., 0., 0., 0., 0., 0., 0.]],

        [[0., 0., 0., 0., 0., 0., 0., 0., 0., 0., 0., 0., 0., 0., 0., 0.]],

        [[0., 0., 0., 0., 0., 0., 0., 0., 0., 0., 0., 0., 0., 0., 0., 0.]]],
       device='cuda:0'), acceleration=tensor([[[0., 0., 0., 0., 0., 0., 0., 0., 0., 0., 0., 0., 0., 0., 0., 0.]],

        [[0., 0., 0., 0., 0., 0., 0., 0., 0., 0., 0., 0., 0., 0., 0., 0.]],

        [[0., 0., 0., 0., 0., 0., 0., 0., 0., 0., 0., 0., 0., 0., 0., 0.]],

        [[0., 0., 0., 0., 0., 0., 0., 0., 0., 0., 0., 0., 0., 0., 0., 0.]],

        [[0., 0., 0., 0., 0., 0., 0., 0., 0., 0., 0., 0., 0., 0., 0., 0.]],

        [[0., 0., 0., 0., 0., 0., 0., 0., 0., 0., 0., 0., 0., 0., 0., 0.]],

        [[0., 0., 0., 0., 0., 0., 0., 0., 0., 0., 0., 0., 0., 0., 0., 0.]],

        [[0., 0., 0., 0., 0., 0., 0., 0., 0., 0., 0., 0., 0., 0., 0., 0.]],

        [[0., 0., 0., 0., 0., 0., 0., 0., 0., 0., 0., 0., 0., 0., 0., 0.]],

        [[0., 0., 0., 0., 0., 0., 0., 0., 0., 0., 0., 0., 0., 0., 0., 0.]],

        [[0., 0., 0., 0., 0., 0., 0., 0., 0., 0., 0., 0., 0., 0., 0., 0.]],

        [[0., 0., 0., 0., 0., 0., 0., 0., 0., 0., 0., 0., 0., 0., 0., 0.]],

        [[0., 0., 0., 0., 0., 0., 0., 0., 0., 0., 0., 0., 0., 0., 0., 0.]],

        [[0., 0., 0., 0., 0., 0., 0., 0., 0., 0., 0., 0., 0., 0., 0., 0.]],

        [[0., 0., 0., 0., 0., 0., 0., 0., 0., 0., 0., 0., 0., 0., 0., 0.]],

        [[0., 0., 0., 0., 0., 0., 0., 0., 0., 0., 0., 0., 0., 0., 0., 0.]],

        [[0., 0., 0., 0., 0., 0., 0., 0., 0., 0., 0., 0., 0., 0., 0., 0.]],

        [[0., 0., 0., 0., 0., 0., 0., 0., 0., 0., 0., 0., 0., 0., 0., 0.]],

        [[0., 0., 0., 0., 0., 0., 0., 0., 0., 0., 0., 0., 0., 0., 0., 0.]],

        [[0., 0., 0., 0., 0., 0., 0., 0., 0., 0., 0., 0., 0., 0., 0., 0.]]],
       device='cuda:0'), joint_names=['fl_joint1', 'fl_joint2', 'fl_joint3', 'fl_joint4', 'fl_joint5', 'fl_joint6', 'fl_joint7', 'fl_joint8', 'fr_joint1', 'fr_joint2', 'fr_joint3', 'fr_joint4', 'fr_joint5', 'fr_joint6', 'fr_joint7', 'fr_joint8'], jerk=tensor([[[0., 0., 0., 0., 0., 0., 0., 0., 0., 0., 0., 0., 0., 0., 0., 0.]],

        [[0., 0., 0., 0., 0., 0., 0., 0., 0., 0., 0., 0., 0., 0., 0., 0.]],

        [[0., 0., 0., 0., 0., 0., 0., 0., 0., 0., 0., 0., 0., 0., 0., 0.]],

        [[0., 0., 0., 0., 0., 0., 0., 0., 0., 0., 0., 0., 0., 0., 0., 0.]],

        [[0., 0., 0., 0., 0., 0., 0., 0., 0., 0., 0., 0., 0., 0., 0., 0.]],

        [[0., 0., 0., 0., 0., 0., 0., 0., 0., 0., 0., 0., 0., 0., 0., 0.]],

        [[0., 0., 0., 0., 0., 0., 0., 0., 0., 0., 0., 0., 0., 0., 0., 0.]],

        [[0., 0., 0., 0., 0., 0., 0., 0., 0., 0., 0., 0., 0., 0., 0., 0.]],

        [[0., 0., 0., 0., 0., 0., 0., 0., 0., 0., 0., 0., 0., 0., 0., 0.]],

        [[0., 0., 0., 0., 0., 0., 0., 0., 0., 0., 0., 0., 0., 0., 0., 0.]],

        [[0., 0., 0., 0., 0., 0., 0., 0., 0., 0., 0., 0., 0., 0., 0., 0.]],

        [[0., 0., 0., 0., 0., 0., 0., 0., 0., 0., 0., 0., 0., 0., 0., 0.]],

        [[0., 0., 0., 0., 0., 0., 0., 0., 0., 0., 0., 0., 0., 0., 0., 0.]],

        [[0., 0., 0., 0., 0., 0., 0., 0., 0., 0., 0., 0., 0., 0., 0., 0.]],

        [[0., 0., 0., 0., 0., 0., 0., 0., 0., 0., 0., 0., 0., 0., 0., 0.]],

        [[0., 0., 0., 0., 0., 0., 0., 0., 0., 0., 0., 0., 0., 0., 0., 0.]],

        [[0., 0., 0., 0., 0., 0., 0., 0., 0., 0., 0., 0., 0., 0., 0., 0.]],

        [[0., 0., 0., 0., 0., 0., 0., 0., 0., 0., 0., 0., 0., 0., 0., 0.]],

        [[0., 0., 0., 0., 0., 0., 0., 0., 0., 0., 0., 0., 0., 0., 0., 0.]],

        [[0., 0., 0., 0., 0., 0., 0., 0., 0., 0., 0., 0., 0., 0., 0., 0.]]],
       device='cuda:0'), tensor_args=TensorDeviceType(device=device(type='cuda', index=0), dtype=torch.float32, collision_geometry_dtype=torch.float32, collision_gradient_dtype=torch.float32, collision_distance_dtype=torch.float32), aux_data={}), goal_pose=Pose(position=tensor([[0.5024, 0.2451, 0.8173],
        [0.4869, 0.2369, 0.8082],
        [0.4544, 0.1936, 0.8117],
        [0.4570, 0.2155, 0.8725],
        [0.4613, 0.1665, 0.8653],
        [0.5055, 0.2418, 0.8641],
        [0.4647, 0.1585, 0.8440],
        [0.4566, 0.1988, 0.8582],
        [0.4751, 0.2339, 0.8152],
        [0.4528, 0.1913, 0.8140],
        [0.4623, 0.2245, 0.8162],
        [0.4633, 0.2360, 0.8435],
        [0.4560, 0.1970, 0.8409],
        [0.4775, 0.2342, 0.8404],
        [0.4763, 0.2346, 0.8304],
        [0.4763, 0.2346, 0.8304],
        [0.4763, 0.2346, 0.8304],
        [0.4763, 0.2346, 0.8304],
        [0.4763, 0.2346, 0.8304],
        [0.4763, 0.2346, 0.8304]], device='cuda:0'), quaternion=tensor([[ 0.3244,  0.5741, -0.7052,  0.2606],
        [ 0.2524,  0.6481, -0.6655,  0.2709],
        [ 0.0633, -0.9143, -0.0859, -0.3906],
        [ 0.1282,  0.8780, -0.1331,  0.4416],
        [ 0.1535, -0.7980, -0.3719, -0.4487],
        [ 0.2524,  0.6481, -0.6655,  0.2709],
        [ 0.1535, -0.7980, -0.3719, -0.4487],
        [ 0.0500, -0.9554, -0.0583, -0.2853],
        [ 0.2895,  0.7250, -0.5163,  0.3521],
        [ 0.0615, -0.8452,  0.0155, -0.5307],
        [ 0.2396,  0.7871, -0.3286,  0.4637],
        [ 0.1981,  0.7047, -0.5272,  0.4314],
        [ 0.0123, -0.9396, -0.1825, -0.2893],
        [ 0.1924,  0.8272, -0.4033,  0.3406],
        [ 0.2411,  0.6514, -0.6065,  0.3869],
        [ 0.2411,  0.6514, -0.6065,  0.3869],
        [ 0.2411,  0.6514, -0.6065,  0.3869],
        [ 0.2411,  0.6514, -0.6065,  0.3869],
        [ 0.2411,  0.6514, -0.6065,  0.3869],
        [ 0.2411,  0.6514, -0.6065,  0.3869]], device='cuda:0'), rotation=None, batch=20, n_goalset=1, name='ee_link', normalize_rotation=False), solution=tensor([[[ 3.2685e-01,  1.9701e+00, -9.6153e-01, -7.5802e-01,  1.2200e+00,
          -2.1529e+00,  1.3845e-01, -1.0000e-02,  1.0000e-02,  1.2388e+00,
          -3.5130e-01,  4.1275e-01]],

        [[ 3.4503e-01,  1.8360e+00, -7.7543e-01, -8.3650e-01,  1.0733e+00,
          -2.1747e+00,  1.9727e-01,  7.6961e-01, -3.8753e-01, -3.0154e-01,
           6.3040e-01, -7.7988e-01]],

        [[-1.1850e+00,  1.5829e+00, -3.5846e-01,  1.2972e+00,  8.4565e-01,
          -9.1352e-01, -4.9573e-01,  3.5540e-01, -2.8473e-01, -3.5075e-01,
          -1.3670e-01,  7.6030e-01]],

        [[-1.6369e-01,  8.8705e-01, -1.3634e-01,  1.4328e+00, -2.2116e-01,
           1.6717e-01, -1.2706e-02,  2.6325e-01, -1.6456e-01,  1.9515e-02,
           2.4216e-03,  3.0038e-02]],

        [[-1.2120e+00,  1.7221e+00, -7.5329e-01,  9.2620e-01,  1.2200e+00,
          -1.0459e+00, -8.0471e-01,  2.4405e+00, -1.3165e+00, -3.6781e-01,
          -2.3771e-01,  1.0781e+00]],

        [[ 3.3024e-01,  1.7347e+00, -9.1781e-01, -7.7153e-01,  1.2200e+00,
          -2.3711e+00, -4.9388e-02,  1.9357e-01, -7.8445e-02,  3.5838e-02,
           3.4977e-03, -6.5994e-04]],

        [[-1.2066e+00,  1.8681e+00, -8.1728e-01,  9.3698e-01,  1.2200e+00,
          -1.1073e+00, -1.4575e+00, -4.6859e-03,  5.4333e-03,  3.4814e-01,
          -5.3335e-01, -2.1232e+00]],

        [[-9.2668e-01,  1.2989e+00, -5.4608e-01,  7.7589e-01,  8.1264e-01,
          -5.5608e-05, -3.9477e-02,  7.1382e-02, -8.2409e-02, -1.0951e-01,
          -8.0374e-02,  3.6199e-01]],

        [[ 5.1150e-01,  1.8208e+00, -5.7630e-01, -1.0834e+00,  1.0982e+00,
          -2.0931e+00,  8.5827e-01,  2.7192e-01, -1.5971e+00,  2.3144e-01,
          -5.1910e-01, -5.8472e-01]],

        [[-1.4520e+00,  1.8752e+00, -2.0112e-01, -1.5413e+00, -1.1276e+00,
           1.6867e+00, -2.0022e-01,  1.1920e-02, -2.6583e-01,  2.7972e-01,
          -2.7708e-03,  4.1733e-01]],

        [[ 6.6025e-01,  1.8072e+00, -1.6905e-01,  1.5428e+00, -1.0977e+00,
           1.4669e+00, -1.1274e-01,  3.0198e-01, -2.3777e-01,  1.0121e-01,
           4.0544e-02, -7.1440e-03]],

        [[ 6.2129e-01,  1.6047e+00, -4.0603e-01, -1.1862e+00,  1.1077e+00,
          -1.8732e+00,  2.9968e-01,  8.9063e-01, -7.4547e-01,  1.6491e-02,
          -4.0195e-01,  2.0559e-01]],

        [[-9.3606e-01,  1.3521e+00, -5.0434e-01,  8.4393e-01,  7.5228e-01,
          -3.6632e-01, -2.3131e-02,  4.2361e-02, -1.0959e-01, -4.7747e-02,
           2.8928e-02,  6.4076e-02]],

        [[ 4.1053e-01,  1.4567e+00, -4.3620e-01, -1.1666e+00,  8.7678e-01,
          -2.4946e+00, -3.2831e-01,  3.1646e-02, -1.1816e+00,  5.9058e-03,
           2.6385e-01,  5.7529e-01]],

        [[ 5.1087e-01,  1.7630e+00, -5.9694e-01, -1.0503e+00,  1.1359e+00,
          -1.9079e+00, -1.2003e-01,  4.2654e-01, -3.9344e-01, -8.2561e-01,
          -1.1236e+00,  5.0510e-01]],

        [[ 5.1083e-01,  1.7630e+00, -5.9690e-01, -1.0504e+00,  1.1358e+00,
          -1.9078e+00, -1.3722e-01, -4.7880e-03,  5.5210e-03,  7.6703e-02,
          -5.7015e-01,  9.2851e-03]],

        [[ 5.1083e-01,  1.7630e+00, -5.9693e-01, -1.0504e+00,  1.1359e+00,
          -1.9079e+00,  2.0680e+00,  1.0581e+00, -1.5803e+00, -6.1808e-01,
          -2.4035e-01, -1.1675e+00]],

        [[ 5.1086e-01,  1.7630e+00, -5.9696e-01, -1.0504e+00,  1.1359e+00,
          -1.9078e+00, -5.5181e-01,  7.6730e-01, -1.0638e+00,  1.2480e+00,
           2.3799e-02, -2.7297e-02]],

        [[ 5.1080e-01,  1.7630e+00, -5.9696e-01, -1.0504e+00,  1.1359e+00,
          -1.9079e+00,  8.5932e-01,  4.9480e-01, -1.1642e+00, -9.4384e-02,
           4.3671e-02,  9.7557e-01]],

        [[ 5.1083e-01,  1.7630e+00, -5.9695e-01, -1.0503e+00,  1.1359e+00,
          -1.9079e+00,  1.6498e-01,  2.9907e-01, -3.8006e-01, -1.0888e-01,
          -1.1391e-01,  2.0237e-01]]], device='cuda:0'), seed=None, success=tensor([[False],
        [False],
        [False],
        [ True],
        [False],
        [ True],
        [False],
        [ True],
        [False],
        [False],
        [False],
        [ True],
        [False],
        [ True],
        [False],
        [False],
        [False],
        [False],
        [False],
        [False]], device='cuda:0'), position_error=tensor([[9.3663e-03],
        [9.8688e-05],
        [7.7063e-05],
        [2.0614e-06],
        [9.9283e-03],
        [4.5676e-03],
        [1.1408e-02],
        [2.7416e-06],
        [1.0932e-04],
        [8.2699e-05],
        [1.1401e-04],
        [6.6378e-06],
        [7.7131e-05],
        [2.8920e-05],
        [8.8036e-05],
        [7.1769e-05],
        [8.8571e-05],
        [8.1211e-05],
        [8.8657e-05],
        [8.8729e-05]], device='cuda:0'), rotation_error=tensor([[3.0943e-02],
        [1.4636e-05],
        [1.3055e-05],
        [6.5508e-06],
        [6.8324e-02],
        [8.4606e-03],
        [4.1618e-02],
        [5.0165e-06],
        [1.4745e-05],
        [2.1458e-05],
        [1.5541e-05],
        [2.5901e-06],
        [2.2503e-05],
        [1.1113e-05],
        [1.6491e-05],
        [1.4852e-05],
        [1.2110e-05],
        [5.9408e-06],
        [2.4748e-05],
        [1.7249e-05]], device='cuda:0'), error=tensor([[4.0309e-02],
        [1.1332e-04],
        [9.0118e-05],
        [8.6122e-06],
        [7.8252e-02],
        [1.3028e-02],
        [5.3027e-02],
        [7.7582e-06],
        [1.2407e-04],
        [1.0416e-04],
        [1.2955e-04],
        [9.2278e-06],
        [9.9634e-05],
        [4.0033e-05],
        [1.0453e-04],
        [8.6621e-05],
        [1.0068e-04],
        [8.7152e-05],
        [1.1340e-04],
        [1.0598e-04]], device='cuda:0'), solve_time=0.3325815200805664, debug_info={'solver': {'steps': [[], []], 'cost': [[], []]}}, goalset_index=tensor([[0],
        [0],
        [0],
        [0],
        [0],
        [0],
        [0],
        [0],
        [0],
        [0],
        [0],
        [0],
        [0],
        [0],
        [0],
        [0],
        [0],
        [0],
        [0],
        [0]], device='cuda:0', dtype=torch.int32))




self.ui_builder.get_curobo_motion(is_Right).reached
True
self.ui_builder.get_curobo_motion(is_Right).success
False



2026-01-27T01:47:29Z [98,809ms] INFO     [command_controller.py:1140] ik lula time cost0.14162087440490723
2026-01-27T01:47:58Z [127,954ms] INFO     [command_controller.py:1140] ik lula time cost0.3343362808227539
2026-01-27T01:49:01Z [190,929ms] INFO     [command_controller.py:1140] ik lula time cost0.004727602005004883
2026-01-27T01:49:45Z [235,072ms] [Warning] [server.motion_generator.motion_gen_reacher] update lock joints time is 0.4036862850189209
2026-01-27T01:49:51Z [240,874ms] [Warning] [server.motion_generator.motion_gen_reacher] len positions is 15
2026-01-27T01:49:59Z [248,505ms] [Warning] [server.motion_generator.motion_gen_reacher] update curobo kinematics lock joints time is 2.1457672119140625e-06
2026-01-27T01:50:51Z [301,267ms] [Warning] [server.motion_generator.motion_gen_reacher] ik batch 0 time is 52.76062798500061
2026-01-27T01:50:52Z [301,696ms] INFO     [motion_gen_reacher.py:725] kinematic forward time0.0006000995635986328
2026-01-27T01:50:52Z [301,661ms] [Warning] [server.motion_generator.motion_gen_reacher] ik time is 57.97300720214844
2026-01-27T01:50:55Z [304,704ms] INFO     [command_controller.py:1140] ik curobo time cost87.84918904304504
2026-01-27T01:54:12Z [502,301ms] INFO     [_server.py:608] gripper_action_timing{}
2026-01-27T01:54:12Z [502,301ms] INFO     [_server.py:608] gripper_action_timing{}
2026-01-27T01:57:37Z [707,225ms] [Warning] [server.motion_generator.motion_gen_reacher] lock joints is the same, no need to update
2026-01-27T01:57:54Z [723,653ms] INFO     [ui_builder.py:188] no valid path constraint provided
2026-01-27T01:57:54Z [723,614ms] [Warning] [curobo] Batch mode enable graph is only supported with num_graph_seeds==1
2026-01-27T01:57:56Z [726,061ms] [Warning] [server.motion_generator.motion_gen_reacher] end_time is2.448723077774048
2026-01-27T01:57:56Z [726,065ms] [Warning] [server.motion_generator.motion_gen_reacher] plan got an exception: Weights must be of shape (D,) where D is the dimensionality of each waypoint.
2026-01-27T01:57:56Z [726,065ms] [Warning] [server.motion_generator.motion_gen_reacher] total time is 2.471846342086792
2026-01-27T02:01:22Z [931,499ms] [Error] [carb.graphics-vulkan.plugin] Out of GPU memory allocating resource 'MemoryManager-allocate' [size: unknown]
2026-01-27T02:01:22Z [931,499ms] [Error] [carb.graphics-vulkan.plugin] Failure injector rule to repro:
{
    debugName="MemoryManager-allocate",
}
2026-01-27T02:01:22Z [931,499ms] [Error] [carb.graphics-vulkan.plugin] VkResult: ERROR_OUT_OF_DEVICE_MEMORY
2026-01-27T02:01:22Z [931,499ms] [Error] [carb.graphics-vulkan.plugin] vkAllocateMemory failed for flags: 0.
2026-01-27T02:01:22Z [931,499ms] [Error] [gpu.foundation.plugin] Unable to allocate buffer
2026-01-27T02:01:22Z [931,499ms] [Error] [gpu.foundation.plugin] Buffer creation failed for the device: 0.
2026-01-27T02:01:22Z [931,499ms] [Error] [gpu.foundation.plugin] Failed to update params for RenderOp 26
2026-01-27T02:01:22Z [931,499ms] [Error] [gpu.foundation.plugin] Failed to update params for RenderOp Cached PT ClearAll. Will not execute this or subsequent RenderGraph operations. Aborting RenderGraph execution
2026-01-27T02:01:22Z [931,499ms] [Error] [carb.scenerenderer-rtx.plugin] Failed to execute RenderGraph on device 0. Error Code: 7
2026-01-27T02:01:22Z [931,499ms] [Warning] [omni.hydra] Rendering failed.
2026-01-27T02:01:22Z [931,499ms] [Error] [omni.usd] HydraEngine::render failed to end the compute graph: error code 6
2026-01-27T02:01:22Z [931,534ms] [Error] [rtx.raytracing.plugin] Failed to initialize Spatial Hash Grid Resources. This is likely because the GPU is out of memory.






paths[0].shape
torch.Size([193, 12])








