2026-01-26T01:57:08Z [123,443ms] INFO     [omniagent.py:71] Grasp num after NMS: 125/300
2026-01-26T01:57:09Z [123,738ms] INFO     [omniagent.py:851] Auto select arm: right
2026-01-26T01:57:09Z [123,739ms] INFO     [omniagent.py:614] Starting ActionScript initialization
2026-01-26T01:57:09Z [123,739ms] INFO     [action_script.py:60] ActionScript has been reset
2026-01-26T01:57:09Z [123,739ms] WARNING  [action_script.py:65] Unknown action type: reset, using base Stage class
2026-01-26T01:57:09Z [123,739ms] INFO     [omniagent.py:614] ActionScript initialization complete, 3 stages total
2026-01-26T01:57:10Z [125,206ms] INFO     [run_data_collection.py:84] Task saved_task/place_object_into_box_of_specific_color_blue_agilex/place_object_into_box_of_specific_color_blue_agilex_7.json loaded
2026-01-26T01:57:10Z [125,206ms] INFO     [run_data_collection.py:84] RUNNING TASK: Stage 0 action_text: 右臂拿起桌面上的{物体}
2026-01-26T01:57:10Z [125,206ms] INFO     [run_data_collection.py:84] RUNNING TASK: Stage 0 english_action_text: Right arm picks up the {object} on the table
2026-01-26T01:57:10Z [125,209ms] INFO     [stage.py:354] pick, geniesim_2025_target_grasp_object, Filtered upside-down grasp_poses: 125
2026-01-26T01:57:11Z [126,287ms] WARNING  [stage.py:354] pick: No best_grasp_poses can pass curobo IK
2026-01-26T01:57:11Z [126,287ms] WARNING  [run_data_collection.py:84] Stage 0 pick initialize action sequence buffer failed
2026-01-26T01:57:11Z [126,287ms] WARNING  [run_data_collection.py:84] Task saved_task/place_object_into_box_of_specific_color_blue_agilex/place_object_into_box_of_specific_color_blue_agilex_7.json failed
2026-01-26T01:57:13Z [128,555ms] INFO     [omniagent.py:851] Start Tasksaved_task/place_object_into_box_of_specific_color_blue_agilex/place_object_into_box_of_specific_color_blue_agilex_5.json
2026-01-26T01:57:22Z [137,695ms] INFO     [omniagent.py:851] Reset pose{'right': array([[ 2.39731898e-02, -9.09877410e-02,  9.95563417e-01,
         2.70593422e+00],
       [ 9.99710817e-01,  3.00231796e-04, -2.40456201e-02,
         4.82891848e-01],
       [ 1.88895686e-03,  9.95851967e-01,  9.09686264e-02,
         9.94594932e-01],
       [ 0.00000000e+00,  0.00000000e+00,  0.00000000e+00,
         1.00000000e+00]]), 'left': array([[ 2.39981418e-02, -9.10484674e-02,  9.95557264e-01,
         2.72037889e+00],
       [ 9.99710580e-01,  5.05091894e-04, -2.40520654e-02,
         1.08271673e+00],
       [ 1.68705579e-03,  9.95846334e-01,  9.10342374e-02,
         9.94457532e-01],
       [ 0.00000000e+00,  0.00000000e+00,  0.00000000e+00,
         1.00000000e+00]])}
2026-01-26T01:57:22Z [137,698ms] INFO     [omniagent.py:71] Grasp num after NMS: 125/300
2026-01-26T01:57:23Z [138,030ms] INFO     [omniagent.py:851] Auto select arm: right
2026-01-26T01:57:23Z [138,030ms] INFO     [omniagent.py:614] Starting ActionScript initialization
2026-01-26T01:57:23Z [138,030ms] INFO     [action_script.py:60] ActionScript has been reset
2026-01-26T01:57:23Z [138,030ms] WARNING  [action_script.py:65] Unknown action type: reset, using base Stage class
2026-01-26T01:57:23Z [138,030ms] INFO     [omniagent.py:614] ActionScript initialization complete, 3 stages total
2026-01-26T01:57:24Z [139,507ms] INFO     [run_data_collection.py:84] Task saved_task/place_object_into_box_of_specific_color_blue_agilex/place_object_into_box_of_specific_color_blue_agilex_5.json loaded
2026-01-26T01:57:24Z [139,507ms] INFO     [run_data_collection.py:84] RUNNING TASK: Stage 0 action_text: 右臂拿起桌面上的{物体}
2026-01-26T01:57:24Z [139,507ms] INFO     [run_data_collection.py:84] RUNNING TASK: Stage 0 english_action_text: Right arm picks up the {object} on the table
2026-01-26T01:57:24Z [139,509ms] INFO     [stage.py:354] pick, geniesim_2025_target_grasp_object, Filtered upside-down grasp_poses: 125
2026-01-26T01:57:26Z [140,893ms] WARNING  [stage.py:354] pick: No best_grasp_poses can pass curobo IK
2026-01-26T01:57:26Z [140,893ms] WARNING  [run_data_collection.py:84] Stage 0 pick initialize action sequence buffer failed
2026-01-26T01:57:26Z [140,893ms] WARNING  [run_data_collection.py:84] Task saved_task/place_object_into_box_of_specific_color_blue_agilex/place_object_into_box_of_specific_color_blue_agilex_5.json failed
2026-01-26T01:57:28Z [143,220ms] INFO     [run_data_collection.py:93] job done


ik_status.joint_names
['fl_joint1', 'fl_joint2', 'fl_joint3', 'fl_joint4', 'fl_joint5', 'fl_joint6']

ik_status.joint_positions
[2.3452952985033426, -0.297982506880127, -2.082914937908613, -2.4225378923496073, 2.6294136397501253, -0.009493374776855313]

joint_positions
[0, 0, 0, 0, 0, 0, 0, 0, 0, 0, 0, 0, 0, 0, 0, 0, 2.3452952985033426, -0.297982506880127, -2.082914937908613, -2.4225378923496073, 2.6294136397501253, -0.009493374776855313, 0, 0, 0, 0, 0, 0, 0, 0, 0, 0]


list(model.names)
['universe', 
'bl_joint1', 'bl_joint2', 'bl_joint3', 'bl_joint4', 'bl_joint5', 'bl_joint6', 'bl_joint7', 'bl_joint8', 
'br_joint1', 'br_joint2', 'br_joint3', 'br_joint4', 'br_joint5', 'br_joint6', 'br_joint7', 'br_joint8', 
'fl_joint1', 'fl_joint2', 'fl_joint3', 'fl_joint4', 'fl_joint5', 'fl_joint6', 'fl_joint7', 'fl_joint8', 
'fr_joint1', 'fr_joint2', 'fr_joint3', 'fr_joint4', 'fr_joint5', 'fr_joint6', 'fr_joint7', 'fr_joint8']


manip
0.027513252628037162

J  (6,  32)
array([[ 1.23897507e-04, -1.30253416e-01, -4.10251550e-01,
         1.41692728e-03, -1.59500000e-01, -1.58597977e-07,
         0.00000000e+00,  0.00000000e+00,  0.00000000e+00,
         0.00000000e+00,  0.00000000e+00,  0.00000000e+00,
         0.00000000e+00,  0.00000000e+00,  0.00000000e+00,
         0.00000000e+00,  0.00000000e+00,  0.00000000e+00,
         0.00000000e+00,  0.00000000e+00,  0.00000000e+00,
         0.00000000e+00,  0.00000000e+00,  0.00000000e+00,
         0.00000000e+00,  0.00000000e+00,  0.00000000e+00,
         0.00000000e+00,  0.00000000e+00,  0.00000000e+00,
         0.00000000e+00,  0.00000000e+00],
       [-1.41060554e-03,  3.21392841e-02, -2.11884209e-02,
         3.22399352e-07, -4.31773343e-02,  1.58597977e-07,
         0.00000000e+00,  0.00000000e+00,  0.00000000e+00,
         0.00000000e+00,  0.00000000e+00,  0.00000000e+00,
         0.00000000e+00,  0.00000000e+00,  0.00000000e+00,
         0.00000000e+00,  0.00000000e+00,  0.00000000e+00,
         0.00000000e+00,  0.00000000e+00,  0.00000000e+00,
         0.00000000e+00,  0.00000000e+00,  0.00000000e+00,
         0.00000000e+00,  0.00000000e+00,  0.00000000e+00,
         0.00000000e+00,  0.00000000e+00,  0.00000000e+00,
         0.00000000e+00,  0.00000000e+00],
       [ 1.26957358e-01, -1.18054616e-07,  7.78297016e-08,
         4.31767484e-02,  1.58599787e-07,  4.31770000e-02,
        -1.00000000e+00,  0.00000000e+00,  0.00000000e+00,
         0.00000000e+00,  0.00000000e+00,  0.00000000e+00,
         0.00000000e+00,  0.00000000e+00,  0.00000000e+00,
         0.00000000e+00,  0.00000000e+00,  0.00000000e+00,
         0.00000000e+00,  0.00000000e+00,  0.00000000e+00,
         0.00000000e+00,  0.00000000e+00,  0.00000000e+00,
         0.00000000e+00,  0.00000000e+00,  0.00000000e+00,
         0.00000000e+00,  0.00000000e+00,  0.00000000e+00,
         0.00000000e+00,  0.00000000e+00],
       [ 9.96196133e-01, -2.77555756e-16, -2.77555756e-16,
        -3.67320510e-06, -2.77555756e-16,  0.00000000e+00,
         0.00000000e+00,  0.00000000e+00,  0.00000000e+00,
         0.00000000e+00,  0.00000000e+00,  0.00000000e+00,
         0.00000000e+00,  0.00000000e+00,  0.00000000e+00,
         0.00000000e+00,  0.00000000e+00,  0.00000000e+00,
         0.00000000e+00,  0.00000000e+00,  0.00000000e+00,
         0.00000000e+00,  0.00000000e+00,  0.00000000e+00,
         0.00000000e+00,  0.00000000e+00,  0.00000000e+00,
         0.00000000e+00,  0.00000000e+00,  0.00000000e+00,
         0.00000000e+00,  0.00000000e+00],
       [ 8.71393428e-02,  3.67321860e-06,  3.67321860e-06,
         1.00000000e+00,  3.67321860e-06,  1.00000000e+00,
         0.00000000e+00,  0.00000000e+00,  0.00000000e+00,
         0.00000000e+00,  0.00000000e+00,  0.00000000e+00,
         0.00000000e+00,  0.00000000e+00,  0.00000000e+00,
         0.00000000e+00,  0.00000000e+00,  0.00000000e+00,
         0.00000000e+00,  0.00000000e+00,  0.00000000e+00,
         0.00000000e+00,  0.00000000e+00,  0.00000000e+00,
         0.00000000e+00,  0.00000000e+00,  0.00000000e+00,
         0.00000000e+00,  0.00000000e+00,  0.00000000e+00,
         0.00000000e+00,  0.00000000e+00],
       [-3.99328696e-06,  1.00000000e+00,  1.00000000e+00,
        -7.34642370e-06,  1.00000000e+00, -3.67320510e-06,
         0.00000000e+00,  0.00000000e+00,  0.00000000e+00,
         0.00000000e+00,  0.00000000e+00,  0.00000000e+00,
         0.00000000e+00,  0.00000000e+00,  0.00000000e+00,
         0.00000000e+00,  0.00000000e+00,  0.00000000e+00,
         0.00000000e+00,  0.00000000e+00,  0.00000000e+00,
         0.00000000e+00,  0.00000000e+00,  0.00000000e+00,
         0.00000000e+00,  0.00000000e+00,  0.00000000e+00,
         0.00000000e+00,  0.00000000e+00,  0.00000000e+00,
         0.00000000e+00,  0.00000000e+00]])




jacobian_score
[0.027513252628037162, 0.027513252628037162, 0.027513252628037162, 0.027513252628037162, 0.027513252628037162, 0.027513252628037162, 0.027513252628037162, 0.027513252628037162, 0.027513252628037162, 0.027513252628037162, 0.027513252628037162, 0.027513252628037162, 0.027513252628037162, 0.027513252628037162, 0.027513252628037162, 0.027513252628037162, 0.027513252628037162, 0.027513252628037162, 0.027513252628037162, 0.027513252628037162, 0.027513252628037162, 0.027513252628037162, 0.027513252628037162, 0.027513252628037162, 0.027513252628037162, 0.027513252628037162, 0.027513252628037162, 0.027513252628037162, 0.027513252628037162, 0.027513252628037162, 0.027513252628037162, 0.027513252628037162, 0.027513252628037162, 0.027513252628037162, 0.027513252628037162, 0.027513252628037162, 0.027513252628037162, 0.027513252628037162, 0.027513252628037162, 0.027513252628037162, 0.027513252628037162, 0.027513252628037162, 0.027513252628037162, 0.027513252628037162, 0.027513252628037162, 0.027513252628037162, 0.027513252628037162, 0.027513252628037162, 0.027513252628037162, 0.027513252628037162, 0.027513252628037162, 0.027513252628037162, 0.027513252628037162, 0.027513252628037162, 0.027513252628037162, 0.027513252628037162, 0.027513252628037162, 0.027513252628037162, 0.027513252628037162, ...]



带obs avoid的求解
joint_positions   (29, 16)
[[nan, nan, nan, nan, nan, nan, 0.03999999910593033, -0.03999999910593033, nan, nan, n...0.03999999910593033, -0.03999999910593033], 
[nan, nan, nan, nan, nan, nan, 0.03999999910593033, -0.03999999910593033, nan, nan, n...0.03999999910593033, -0.03999999910593033], 
[nan, nan, nan, nan, nan, nan, 0.03999999910593033, -0.03999999910593033, nan, nan, n...0.03999999910593033, -0.03999999910593033], 
[nan, nan, nan, nan, nan, nan, 0.03999999910593033, -0.03999999910593033, nan, nan, n...0.03999999910593033, -0.03999999910593033], 
[nan, nan, nan, nan, nan, nan, 0.03999999910593033, -0.03999999910593033, nan, nan, n...0.03999999910593033, -0.03999999910593033], 
[nan, nan, nan, nan, nan, nan, 0.03999999910593033, -0.03999999910593033, nan, nan, n...0.03999999910593033, -0.03999999910593033], 
[nan, nan, nan, nan, nan, nan, 0.03999999910593033, -0.03999999910593033, nan, nan, n...0.03999999910593033, -0.03999999910593033], 
[nan, nan, nan, nan, nan, nan, 0.03999999910593033, -0.03999999910593033, nan, nan, n...0.03999999910593033, -0.03999999910593033], 
[nan, nan, nan, nan, nan, nan, 0.03999999910593033, -0.03999999910593033, nan, nan, n...0.03999999910593033, -0.03999999910593033], 
[nan, nan, nan, nan, nan, nan, 0.03999999910593033, -0.03999999910593033, nan, nan, n...0.03999999910593033, -0.03999999910593033], 
[nan, nan, nan, nan, nan, nan, 0.03999999910593033, -0.03999999910593033, nan, nan, n...0.03999999910593033, -0.03999999910593033], 
[nan, nan, nan, nan, nan, nan, 0.03999999910593033, -0.03999999910593033, nan, nan, n...0.03999999910593033, -0.03999999910593033], 
[nan, nan, nan, nan, nan, nan, 0.03999999910593033, -0.03999999910593033, nan, nan, n...0.03999999910593033, -0.03999999910593033], 
[nan, nan, nan, nan, nan, nan, 0.03999999910593033, -0.03999999910593033, nan, nan, n...0.03999999910593033, -0.03999999910593033], 
[nan, nan, nan, nan, nan, nan, 0.03999999910593033, -0.03999999910593033, nan, nan, n...0.03999999910593033, -0.03999999910593033], 
[nan, nan, nan, nan, nan, nan, 0.03999999910593033, -0.03999999910593033, nan, nan, n...0.03999999910593033, -0.03999999910593033], 
[nan, nan, nan, nan, nan, nan, 0.03999999910593033, -0.03999999910593033, nan, nan, n...0.03999999910593033, -0.03999999910593033], 
[nan, nan, nan, nan, nan, nan, 0.03999999910593033, -0.03999999910593033, nan, nan, n...0.03999999910593033, -0.03999999910593033], 
[nan, nan, nan, nan, nan, nan, 0.03999999910593033, -0.03999999910593033, nan, nan, n...0.03999999910593033, -0.03999999910593033], 
[nan, nan, nan, nan, nan, nan, 0.03999999910593033, -0.03999999910593033, nan, nan, n...0.03999999910593033, -0.03999999910593033], 
[nan, nan, nan, nan, nan, nan, 0.03999999910593033, -0.03999999910593033, nan, nan, n...0.03999999910593033, -0.03999999910593033], 
[nan, nan, nan, nan, nan, nan, 0.03999999910593033, -0.03999999910593033, nan, nan, n...0.03999999910593033, -0.03999999910593033], 
[nan, nan, nan, nan, nan, nan, 0.03999999910593033, -0.03999999910593033, nan, nan, n...0.03999999910593033, -0.03999999910593033], 
[nan, nan, nan, nan, nan, nan, 0.03999999910593033, -0.03999999910593033, nan, nan, n...0.03999999910593033, -0.03999999910593033], 
[nan, nan, nan, nan, nan, nan, 0.03999999910593033, -0.03999999910593033, nan, nan, n...0.03999999910593033, -0.03999999910593033], 
[nan, nan, nan, nan, nan, nan, 0.03999999910593033, -0.03999999910593033, nan, nan, n...0.03999999910593033, -0.03999999910593033]]





curobo ik 求解初值

self.robot_init_position
array([2.23687069, 0.74991434, 0.        ])
self.robot_init_rotation
array([1., 0., 0., 0.])


target_poses_local
array([[[-0.74742633,  0.66272623,  0.04634384,  0.60757684],
        [ 0.38172166,  0.37131912,  0.84641044, -0.19410118],
        [ 0.54373006,  0.65031992, -0.53051067,  0.77270883],
        [ 0.        ,  0.        ,  0.        ,  1.        ]],

       [[ 0.59161983, -0.59536244,  0.54362623,  0.5848216 ],
        [-0.49944378, -0.79997178, -0.33256731, -0.21125527],
        [ 0.63288376, -0.07475733, -0.77062923,  0.74892533],
        [ 0.        ,  0.        ,  0.        ,  1.        ]],

       [[ 0.34685123,  0.84034906,  0.41654247,  0.59863184],
        [ 0.37318935, -0.53109565,  0.76070172, -0.18752004],
        [ 0.86047889, -0.10840111, -0.49782052,  0.76531081],
        [ 0.        ,  0.        ,  0.        ,  1.        ]],

       [[ 0.37988444,  0.76397321,  0.52156754,  0.59784924],
        [ 0.47039142, -0.64503514,  0.60221387, -0.21729259],
        [ 0.79650466,  0.01656923, -0.60440527,  0.76835267],
        [ 0.        ,  0.        ,  0.        ,  1.        ]],

       [[ 0.3490519 ,  0.86880678,  0.35119433,  0.6103436 ],
        [ 0.59560395, -0.49501418,  0.63262695, -0.20128819],
        [ 0.72347678, -0.0116469 , -0.69025041,  0.77103681],
        [ 0.        ,  0.        ,  0.        ,  1.        ]],

       [[ 0.40478459,  0.62999676,  0.662762  ,  0.59240684],
        [ 0.50395169, -0.75848565,  0.41319752, -0.1808374 ],
        [ 0.76300857,  0.16674406, -0.62451126,  0.76764079],
        [ 0.        ,  0.        ,  0.        ,  1.        ]],

       [[ 0.91341024,  0.15657865,  0.37571906,  0.60589431],
        [-0.28500527, -0.4129955 ,  0.86498941, -0.19266828],
        [ 0.2906092 , -0.89717211, -0.3326086 ,  0.77201655],
        [ 0.        ,  0.        ,  0.        ,  1.        ]],

       [[ 0.34685123,  0.84034906,  0.41654247,  0.60160394],
        [ 0.37318935, -0.53109565,  0.76070172, -0.21030292],
        [ 0.86047889, -0.10840111, -0.49782052,  0.75203852],
        [ 0.        ,  0.        ,  0.        ,  1.        ]],

       [[ 0.35209469, -0.62122993,  0.70007329,  0.57629481],
        [-0.87714782, -0.47997887,  0.01522964, -0.20055989],
        [ 0.32655932, -0.6194301 , -0.71390853,  0.75051008],
        [ 0.        ,  0.        ,  0.        ,  1.        ]],

       [[ 0.37988444,  0.76397321,  0.52156754,  0.58598848],
        [ 0.47039142, -0.64503514,  0.60221387, -0.18514537],
        [ 0.79650466,  0.01656923, -0.60440527,  0.75399345],
        [ 0.        ,  0.        ,  0.        ,  1.        ]],

       [[ 0.3898356 , -0.61604249,  0.68448506,  0.58824377],
        [-0.32904769, -0.78740511, -0.52126845, -0.19563777],
        [ 0.86009054, -0.02201923, -0.5096659 ,  0.75035372],
        [ 0.        ,  0.        ,  0.        ,  1.        ]],

       [[ 0.76397321, -0.37988444,  0.52156754,  0.59660953],
        [-0.64503514, -0.47039142,  0.60221387, -0.21725983],
        [ 0.01656923, -0.79650466, -0.60440527,  0.74976595],
        [ 0.        ,  0.        ,  0.        ,  1.        ]],

       [[ 0.562022  ,  0.74886165,  0.35119433,  0.57654141],
        [ 0.44719014, -0.63230064,  0.63262695, -0.19376439],
        [ 0.69581045, -0.19849961, -0.69025041,  0.76556326],
        [ 0.        ,  0.        ,  0.        ,  1.        ]],

       [[ 0.3490519 ,  0.86880678,  0.35119433,  0.59179553],
        [ 0.59560395, -0.49501418,  0.63262695, -0.20187109],
        [ 0.72347678, -0.0116469 , -0.69025041,  0.77182817],
        [ 0.        ,  0.        ,  0.        ,  1.        ]],

       [[ 0.41144359,  0.75547032,  0.50988106,  0.57555534],
        [ 0.6397324 , -0.63784084,  0.42883736, -0.20039933],
        [ 0.64919693,  0.14974507, -0.74573434,  0.75144696],
        [ 0.        ,  0.        ,  0.        ,  1.        ]],

       [[-0.89348459,  0.4466962 ,  0.04634384,  0.59993813],
        [ 0.27261039,  0.45746355,  0.84641044, -0.21091029],
        [ 0.3568877 ,  0.7688885 , -0.53051067,  0.75997737],
        [ 0.        ,  0.        ,  0.        ,  1.        ]],

       [[ 0.30965478,  0.75883164,  0.57296459,  0.58785998],
        [ 0.19701838, -0.64070921,  0.7420751 , -0.18413022],
        [ 0.93021376, -0.11690253, -0.34790244,  0.77339902],
        [ 0.        ,  0.        ,  0.        ,  1.        ]],

       [[ 0.37988444,  0.76397321,  0.52156754,  0.59842452],
        [ 0.47039142, -0.64503514,  0.60221387, -0.19272609],
        [ 0.79650466,  0.01656923, -0.60440527,  0.74867421],
        [ 0.        ,  0.        ,  0.        ,  1.        ]],

       [[-0.05989203,  0.99712842,  0.04634384,  0.58997213],
        [ 0.53248023, -0.00735571,  0.84641044, -0.19915637],
        [ 0.84432085,  0.07537044, -0.53051067,  0.75539777],
        [ 0.        ,  0.        ,  0.        ,  1.        ]],

       [[ 0.32500141, -0.44504978,  0.83444874,  0.58491358],
        [-0.8208699 , -0.57091239,  0.01521894, -0.19102398],
        [ 0.46962399, -0.68992008, -0.55087532,  0.75984636],
        [ 0.        ,  0.        ,  0.        ,  1.        ]],

       [[ 0.43858752, -0.39246696,  0.80846189,  0.5962522 ],
        [-0.8439219 , -0.48910608,  0.2203884 , -0.21765564],
        [ 0.30892846, -0.77893832, -0.54572728,  0.75413223],
        [ 0.        ,  0.        ,  0.        ,  1.        ]]])


target_rotations_local
array([[-0.15279241,  0.32084466,  0.81382679,  0.45978162],
       [ 0.07248926,  0.88913173, -0.30783016,  0.33080307],
       [-0.28192865,  0.77067623,  0.39366026,  0.41425352],
       [-0.18058516,  0.81075966,  0.38061978,  0.40643124],
       [-0.20235321,  0.79597684,  0.45994139,  0.33753217],
       [-0.07380326,  0.83483255,  0.33957363,  0.42696305],
       [-0.5403254 ,  0.81532423, -0.039379  ,  0.20431389],
       [-0.28192865,  0.77067623,  0.39366026,  0.41425352],
       [-0.19887641,  0.7978067 , -0.46953034,  0.32170469],
       [-0.18058516,  0.81075966,  0.38061978,  0.40643124],
       [ 0.1522864 ,  0.81958932, -0.28828163,  0.47114317],
       [-0.41508328,  0.84243248, -0.30415482,  0.1596973 ],
       [-0.24467883,  0.84920155,  0.3521107 ,  0.30823213],
       [-0.20235321,  0.79597684,  0.45994139,  0.33753217],
       [-0.08346906,  0.83591549,  0.41726788,  0.34664928],
       [-0.0914717 ,  0.21187408,  0.84874302,  0.47579154],
       [-0.28330333,  0.75800172,  0.31525325,  0.49577011],
       [-0.18058516,  0.81075966,  0.38061978,  0.40643124],
       [-0.31711259,  0.60785984,  0.62909598,  0.36631171],
       [-0.22539614,  0.78211079, -0.40464846,  0.416844  ],
       [-0.31770826,  0.78635566, -0.39307559,  0.35524332]])
target_positions_local
array([[ 0.60757684, -0.19410118,  0.77270883],
       [ 0.5848216 , -0.21125527,  0.74892533],
       [ 0.59863184, -0.18752004,  0.76531081],
       [ 0.59784924, -0.21729259,  0.76835267],
       [ 0.6103436 , -0.20128819,  0.77103681],
       [ 0.59240684, -0.1808374 ,  0.76764079],
       [ 0.60589431, -0.19266828,  0.77201655],
       [ 0.60160394, -0.21030292,  0.75203852],
       [ 0.57629481, -0.20055989,  0.75051008],
       [ 0.58598848, -0.18514537,  0.75399345],
       [ 0.58824377, -0.19563777,  0.75035372],
       [ 0.59660953, -0.21725983,  0.74976595],
       [ 0.57654141, -0.19376439,  0.76556326],
       [ 0.59179553, -0.20187109,  0.77182817],
       [ 0.57555534, -0.20039933,  0.75144696],
       [ 0.59993813, -0.21091029,  0.75997737],
       [ 0.58785998, -0.18413022,  0.77339902],
       [ 0.59842452, -0.19272609,  0.74867421],
       [ 0.58997213, -0.19915637,  0.75539777],
       [ 0.58491358, -0.19102398,  0.75984636],
       [ 0.5962522 , -0.21765564,  0.75413223]])




第一次右臂  fr_ee_link
result = self.motion_gen.ik_solver.solve_batch(goal_pose, link_poses=link_poses)
IKResult(js_solution=JointState(position=tensor([[[-2.2425e-01,  2.3101e+00, -1.2244e+00,  1.1170e+00,  1.1934e+00,
          -1.8336e+00,  2.0314e-01,  1.0951e+00, -5.9843e-01, -8.0702e-03,
           1.2490e-02,  1.6806e-01,  4.0000e-02, -4.0000e-02,  4.0000e-02,
          -4.0000e-02]],

        [[ 6.2354e-01,  2.0389e+00, -8.0522e-01,  1.7263e+00, -6.3675e-01,
           9.9615e-01,  1.5765e-01,  9.8360e-02, -1.1467e-01,  1.4662e-01,
           7.2820e-02,  8.2229e-02,  4.0000e-02, -4.0000e-02,  4.0000e-02,
          -4.0000e-02]],

        [[-2.0406e-01,  2.1903e+00, -7.8563e-01,  1.7155e+00,  9.9379e-01,
          -1.1554e+00,  1.4509e-01, -5.1915e-03,  5.8678e-03,  3.5584e-02,
          -7.7887e-02, -1.2259e-02,  4.0000e-02, -4.0000e-02,  4.0000e-02,
          -4.0000e-02]],

        [[-2.0531e-01,  2.0521e+00, -6.8738e-01, -1.2956e+00, -8.0828e-01,
           1.9068e+00, -1.1623e+00,  8.9851e-01, -7.7204e-02, -1.1062e+00,
           6.3086e-02,  5.1757e-01,  4.0000e-02, -4.0000e-02,  4.0000e-02,
          -4.0000e-02]],

        [[-1.3955e-01,  2.0621e+00, -8.8968e-01,  1.4348e+00,  7.4997e-01,
          -8.6135e-01,  4.9403e-02,  2.1395e-03,  8.8184e-04,  6.7586e-02,
           4.7562e-02,  1.6471e-01,  4.0000e-02, -4.0000e-02,  4.0000e-02,
          -4.0000e-02]],

        [[ 1.2768e-01,  1.9765e+00, -5.1868e-01, -5.1757e-01, -7.1782e-01,
           1.4819e+00,  5.2195e-01,  7.0477e-02, -7.6063e-02, -4.1424e-01,
          -5.2943e-01,  2.5030e-03,  4.0000e-02, -4.0000e-02,  4.0000e-02,
          -4.0000e-02]],

        [[-2.8673e-01,  2.3287e+00, -9.0252e-01,  1.6095e+00,  1.2129e+00,
          -6.7294e-02, -9.5971e-04, -6.7920e-03,  7.2852e-03, -8.5261e-03,
           4.9940e-03,  3.1657e-02,  4.0000e-02, -4.0000e-02,  4.0000e-02,
          -4.0000e-02]],

        [[-2.8145e-01,  2.2511e+00, -8.2834e-01,  1.6505e+00,  1.0144e+00,
          -1.1742e+00, -9.4389e-01, -4.0987e-03,  4.9290e-03,  9.5835e-01,
          -2.2158e-01,  9.9770e-02,  4.0000e-02, -4.0000e-02,  4.0000e-02,
          -4.0000e-02]],

        [[ 4.7808e-01,  1.9600e+00, -5.0286e-01,  5.7758e-01, -6.0063e-01,
           2.5002e+00,  1.8393e-01, -7.5780e-04,  2.0598e-03, -4.2846e-02,
           1.0817e-01, -2.9346e-01,  4.0000e-02, -4.0000e-02,  4.0000e-02,
          -4.0000e-02]],

        [[-8.1330e-02,  2.0896e+00, -6.1911e-01, -1.0721e+00, -8.2084e-01,
           1.7570e+00, -5.6285e-01,  8.6553e-02, -3.8986e-01, -4.7768e-01,
           2.2019e-01, -1.5470e+00,  4.0000e-02, -4.0000e-02,  4.0000e-02,
          -4.0000e-02]],

        [[ 8.3683e-01,  2.2661e+00, -8.8931e-01,  1.6555e+00, -1.0362e+00,
           1.2692e+00, -2.1058e-01,  2.9523e-03, -3.1557e-03,  1.5133e-01,
           3.8879e-02, -2.6416e-01,  4.0000e-02, -4.0000e-02,  4.0000e-02,
          -4.0000e-02]],

        [[-2.0655e-01,  2.1262e+00, -6.8373e-01, -1.2278e+00, -8.3230e-01,
          -2.9067e+00,  2.1871e-01,  1.0938e+00, -1.2834e+00, -9.7085e-02,
           6.2796e-01,  7.5655e-01,  4.0000e-02, -4.0000e-02,  4.0000e-02,
          -4.0000e-02]],

        [[-1.2840e-01,  2.0123e+00, -7.3624e-01,  1.5570e+00,  7.3752e-01,
          -7.5176e-01,  2.5930e-02, -2.6776e-03,  3.7074e-03,  8.1506e-02,
           4.3095e-02, -9.3841e-02,  4.0000e-02, -4.0000e-02,  4.0000e-02,
          -4.0000e-02]],

        [[-1.5071e-01,  2.0219e+00, -8.0897e-01,  1.4686e+00,  7.5014e-01,
          -9.2129e-01,  1.4778e-02, -6.1853e-03,  6.7218e-03, -2.4827e-02,
           1.0955e-02,  1.3468e-01,  4.0000e-02, -4.0000e-02,  4.0000e-02,
          -4.0000e-02]],

        [[ 1.8030e-02,  1.9522e+00, -5.8549e-01, -9.7985e-01, -5.2970e-01,
           1.7103e+00,  2.1304e-02,  9.8835e-02, -1.0133e-01, -2.4374e-02,
          -6.0254e-03, -3.8463e-02,  4.0000e-02, -4.0000e-02,  4.0000e-02,
          -4.0000e-02]],

        [[-2.7399e-01,  2.3390e+00, -1.2101e+00,  1.0944e+00,  1.1973e+00,
          -2.1494e+00,  2.2927e-01, -1.7734e-03,  2.9304e-03, -2.9795e-01,
          -1.5229e-01,  2.1232e+00,  4.0000e-02, -4.0000e-02,  4.0000e-02,
          -4.0000e-02]],

        [[-2.1564e-01,  2.2506e+00, -6.1781e-01, -1.1376e+00, -1.2048e+00,
           1.7202e+00,  1.1782e+00,  3.6899e-03, -1.7647e-03,  5.3206e-01,
          -1.9560e-01, -4.8781e-01,  4.0000e-02, -4.0000e-02,  4.0000e-02,
          -4.0000e-02]],

        [[-1.0767e-01,  2.1282e+00, -6.7534e-01, -1.1148e+00, -8.1726e-01,
           1.7817e+00, -2.4730e-02,  1.4979e+00, -4.5315e-02, -5.6911e-01,
           4.3979e-01, -1.1049e-01,  4.0000e-02, -4.0000e-02,  4.0000e-02,
          -4.0000e-02]],

        [[-2.4934e-01,  2.3275e+00, -1.1481e+00,  1.1324e+00,  1.1643e+00,
          -1.1455e+00,  6.1530e-01,  1.0899e+00, -2.1711e-01, -3.4123e-01,
          -4.0629e-01,  9.0319e-01,  4.0000e-02, -4.0000e-02,  4.0000e-02,
          -4.0000e-02]],

        [[ 5.7221e-01,  2.0799e+00, -4.5030e-01,  5.6419e-01, -9.6329e-01,
           2.5257e+00, -5.4485e-01, -6.3603e-03, -4.0714e-05, -1.3828e-01,
          -1.9630e-01, -1.5196e-01,  4.0000e-02, -4.0000e-02,  4.0000e-02,
          -4.0000e-02]]], device='cuda:0'), velocity=tensor([[[0., 0., 0., 0., 0., 0., 0., 0., 0., 0., 0., 0., 0., 0., 0., 0.]],

        [[0., 0., 0., 0., 0., 0., 0., 0., 0., 0., 0., 0., 0., 0., 0., 0.]],

        [[0., 0., 0., 0., 0., 0., 0., 0., 0., 0., 0., 0., 0., 0., 0., 0.]],

        [[0., 0., 0., 0., 0., 0., 0., 0., 0., 0., 0., 0., 0., 0., 0., 0.]],

        [[0., 0., 0., 0., 0., 0., 0., 0., 0., 0., 0., 0., 0., 0., 0., 0.]],

        [[0., 0., 0., 0., 0., 0., 0., 0., 0., 0., 0., 0., 0., 0., 0., 0.]],

        [[0., 0., 0., 0., 0., 0., 0., 0., 0., 0., 0., 0., 0., 0., 0., 0.]],

        [[0., 0., 0., 0., 0., 0., 0., 0., 0., 0., 0., 0., 0., 0., 0., 0.]],

        [[0., 0., 0., 0., 0., 0., 0., 0., 0., 0., 0., 0., 0., 0., 0., 0.]],

        [[0., 0., 0., 0., 0., 0., 0., 0., 0., 0., 0., 0., 0., 0., 0., 0.]],

        [[0., 0., 0., 0., 0., 0., 0., 0., 0., 0., 0., 0., 0., 0., 0., 0.]],

        [[0., 0., 0., 0., 0., 0., 0., 0., 0., 0., 0., 0., 0., 0., 0., 0.]],

        [[0., 0., 0., 0., 0., 0., 0., 0., 0., 0., 0., 0., 0., 0., 0., 0.]],

        [[0., 0., 0., 0., 0., 0., 0., 0., 0., 0., 0., 0., 0., 0., 0., 0.]],

        [[0., 0., 0., 0., 0., 0., 0., 0., 0., 0., 0., 0., 0., 0., 0., 0.]],

        [[0., 0., 0., 0., 0., 0., 0., 0., 0., 0., 0., 0., 0., 0., 0., 0.]],

        [[0., 0., 0., 0., 0., 0., 0., 0., 0., 0., 0., 0., 0., 0., 0., 0.]],

        [[0., 0., 0., 0., 0., 0., 0., 0., 0., 0., 0., 0., 0., 0., 0., 0.]],

        [[0., 0., 0., 0., 0., 0., 0., 0., 0., 0., 0., 0., 0., 0., 0., 0.]],

        [[0., 0., 0., 0., 0., 0., 0., 0., 0., 0., 0., 0., 0., 0., 0., 0.]]],
       device='cuda:0'), acceleration=tensor([[[0., 0., 0., 0., 0., 0., 0., 0., 0., 0., 0., 0., 0., 0., 0., 0.]],

        [[0., 0., 0., 0., 0., 0., 0., 0., 0., 0., 0., 0., 0., 0., 0., 0.]],

        [[0., 0., 0., 0., 0., 0., 0., 0., 0., 0., 0., 0., 0., 0., 0., 0.]],

        [[0., 0., 0., 0., 0., 0., 0., 0., 0., 0., 0., 0., 0., 0., 0., 0.]],

        [[0., 0., 0., 0., 0., 0., 0., 0., 0., 0., 0., 0., 0., 0., 0., 0.]],

        [[0., 0., 0., 0., 0., 0., 0., 0., 0., 0., 0., 0., 0., 0., 0., 0.]],

        [[0., 0., 0., 0., 0., 0., 0., 0., 0., 0., 0., 0., 0., 0., 0., 0.]],

        [[0., 0., 0., 0., 0., 0., 0., 0., 0., 0., 0., 0., 0., 0., 0., 0.]],

        [[0., 0., 0., 0., 0., 0., 0., 0., 0., 0., 0., 0., 0., 0., 0., 0.]],

        [[0., 0., 0., 0., 0., 0., 0., 0., 0., 0., 0., 0., 0., 0., 0., 0.]],

        [[0., 0., 0., 0., 0., 0., 0., 0., 0., 0., 0., 0., 0., 0., 0., 0.]],

        [[0., 0., 0., 0., 0., 0., 0., 0., 0., 0., 0., 0., 0., 0., 0., 0.]],

        [[0., 0., 0., 0., 0., 0., 0., 0., 0., 0., 0., 0., 0., 0., 0., 0.]],

        [[0., 0., 0., 0., 0., 0., 0., 0., 0., 0., 0., 0., 0., 0., 0., 0.]],

        [[0., 0., 0., 0., 0., 0., 0., 0., 0., 0., 0., 0., 0., 0., 0., 0.]],

        [[0., 0., 0., 0., 0., 0., 0., 0., 0., 0., 0., 0., 0., 0., 0., 0.]],

        [[0., 0., 0., 0., 0., 0., 0., 0., 0., 0., 0., 0., 0., 0., 0., 0.]],

        [[0., 0., 0., 0., 0., 0., 0., 0., 0., 0., 0., 0., 0., 0., 0., 0.]],

        [[0., 0., 0., 0., 0., 0., 0., 0., 0., 0., 0., 0., 0., 0., 0., 0.]],

        [[0., 0., 0., 0., 0., 0., 0., 0., 0., 0., 0., 0., 0., 0., 0., 0.]]],
       device='cuda:0'), joint_names=['fr_joint1', 'fr_joint2', 'fr_joint3', 'fr_joint4', 'fr_joint5', 'fr_joint6', 'fl_joint1', 'fl_joint2', 'fl_joint3', 'fl_joint4', 'fl_joint5', 'fl_joint6', 'fl_joint7', 'fl_joint8', 'fr_joint7', 'fr_joint8'], jerk=tensor([[[0., 0., 0., 0., 0., 0., 0., 0., 0., 0., 0., 0., 0., 0., 0., 0.]],

        [[0., 0., 0., 0., 0., 0., 0., 0., 0., 0., 0., 0., 0., 0., 0., 0.]],

        [[0., 0., 0., 0., 0., 0., 0., 0., 0., 0., 0., 0., 0., 0., 0., 0.]],

        [[0., 0., 0., 0., 0., 0., 0., 0., 0., 0., 0., 0., 0., 0., 0., 0.]],

        [[0., 0., 0., 0., 0., 0., 0., 0., 0., 0., 0., 0., 0., 0., 0., 0.]],

        [[0., 0., 0., 0., 0., 0., 0., 0., 0., 0., 0., 0., 0., 0., 0., 0.]],

        [[0., 0., 0., 0., 0., 0., 0., 0., 0., 0., 0., 0., 0., 0., 0., 0.]],

        [[0., 0., 0., 0., 0., 0., 0., 0., 0., 0., 0., 0., 0., 0., 0., 0.]],

        [[0., 0., 0., 0., 0., 0., 0., 0., 0., 0., 0., 0., 0., 0., 0., 0.]],

        [[0., 0., 0., 0., 0., 0., 0., 0., 0., 0., 0., 0., 0., 0., 0., 0.]],

        [[0., 0., 0., 0., 0., 0., 0., 0., 0., 0., 0., 0., 0., 0., 0., 0.]],

        [[0., 0., 0., 0., 0., 0., 0., 0., 0., 0., 0., 0., 0., 0., 0., 0.]],

        [[0., 0., 0., 0., 0., 0., 0., 0., 0., 0., 0., 0., 0., 0., 0., 0.]],

        [[0., 0., 0., 0., 0., 0., 0., 0., 0., 0., 0., 0., 0., 0., 0., 0.]],

        [[0., 0., 0., 0., 0., 0., 0., 0., 0., 0., 0., 0., 0., 0., 0., 0.]],

        [[0., 0., 0., 0., 0., 0., 0., 0., 0., 0., 0., 0., 0., 0., 0., 0.]],

        [[0., 0., 0., 0., 0., 0., 0., 0., 0., 0., 0., 0., 0., 0., 0., 0.]],

        [[0., 0., 0., 0., 0., 0., 0., 0., 0., 0., 0., 0., 0., 0., 0., 0.]],

        [[0., 0., 0., 0., 0., 0., 0., 0., 0., 0., 0., 0., 0., 0., 0., 0.]],

        [[0., 0., 0., 0., 0., 0., 0., 0., 0., 0., 0., 0., 0., 0., 0., 0.]]],
       device='cuda:0'), tensor_args=TensorDeviceType(device=device(type='cuda', index=0), dtype=torch.float32, collision_geometry_dtype=torch.float32, collision_gradient_dtype=torch.float32, collision_distance_dtype=torch.float32), aux_data={}), goal_pose=Pose(position=tensor([[ 0.6076, -0.1941,  0.7727],
        [ 0.5848, -0.2113,  0.7489],
        [ 0.5986, -0.1875,  0.7653],
        [ 0.5978, -0.2173,  0.7684],
        [ 0.6103, -0.2013,  0.7710],
        [ 0.5924, -0.1808,  0.7676],
        [ 0.6059, -0.1927,  0.7720],
        [ 0.6016, -0.2103,  0.7520],
        [ 0.5763, -0.2006,  0.7505],
        [ 0.5860, -0.1851,  0.7540],
        [ 0.5882, -0.1956,  0.7504],
        [ 0.5966, -0.2173,  0.7498],
        [ 0.5765, -0.1938,  0.7656],
        [ 0.5918, -0.2019,  0.7718],
        [ 0.5756, -0.2004,  0.7514],
        [ 0.5999, -0.2109,  0.7600],
        [ 0.5879, -0.1841,  0.7734],
        [ 0.5984, -0.1927,  0.7487],
        [ 0.5900, -0.1992,  0.7554],
        [ 0.5849, -0.1910,  0.7598]], device='cuda:0'), quaternion=tensor([[ 0.1528, -0.3208, -0.8138, -0.4598],
        [ 0.0725,  0.8891, -0.3078,  0.3308],
        [ 0.2819, -0.7707, -0.3937, -0.4143],
        [ 0.1806, -0.8108, -0.3806, -0.4064],
        [ 0.2024, -0.7960, -0.4599, -0.3375],
        [ 0.0738, -0.8348, -0.3396, -0.4270],
        [ 0.5403, -0.8153,  0.0394, -0.2043],
        [ 0.2819, -0.7707, -0.3937, -0.4143],
        [ 0.1989, -0.7978,  0.4695, -0.3217],
        [ 0.1806, -0.8108, -0.3806, -0.4064],
        [ 0.1523,  0.8196, -0.2883,  0.4711],
        [ 0.4151, -0.8424,  0.3042, -0.1597],
        [ 0.2447, -0.8492, -0.3521, -0.3082],
        [ 0.2024, -0.7960, -0.4599, -0.3375],
        [ 0.0835, -0.8359, -0.4173, -0.3466],
        [ 0.0915, -0.2119, -0.8487, -0.4758],
        [ 0.2833, -0.7580, -0.3153, -0.4958],
        [ 0.1806, -0.8108, -0.3806, -0.4064],
        [ 0.3171, -0.6079, -0.6291, -0.3663],
        [ 0.2254, -0.7821,  0.4046, -0.4168]], device='cuda:0'), rotation=None, batch=20, n_goalset=1, name='ee_link', normalize_rotation=False), solution=tensor([[[-2.2425e-01,  2.3101e+00, -1.2244e+00,  1.1170e+00,  1.1934e+00,
          -1.8336e+00,  2.0314e-01,  1.0951e+00, -5.9843e-01, -8.0702e-03,
           1.2490e-02,  1.6806e-01]],

        [[ 6.2354e-01,  2.0389e+00, -8.0522e-01,  1.7263e+00, -6.3675e-01,
           9.9615e-01,  1.5765e-01,  9.8360e-02, -1.1467e-01,  1.4662e-01,
           7.2820e-02,  8.2229e-02]],

        [[-2.0406e-01,  2.1903e+00, -7.8563e-01,  1.7155e+00,  9.9379e-01,
          -1.1554e+00,  1.4509e-01, -5.1915e-03,  5.8678e-03,  3.5584e-02,
          -7.7887e-02, -1.2259e-02]],

        [[-2.0531e-01,  2.0521e+00, -6.8738e-01, -1.2956e+00, -8.0828e-01,
           1.9068e+00, -1.1623e+00,  8.9851e-01, -7.7204e-02, -1.1062e+00,
           6.3086e-02,  5.1757e-01]],

        [[-1.3955e-01,  2.0621e+00, -8.8968e-01,  1.4348e+00,  7.4997e-01,
          -8.6135e-01,  4.9403e-02,  2.1395e-03,  8.8184e-04,  6.7586e-02,
           4.7562e-02,  1.6471e-01]],

        [[ 1.2768e-01,  1.9765e+00, -5.1868e-01, -5.1757e-01, -7.1782e-01,
           1.4819e+00,  5.2195e-01,  7.0477e-02, -7.6063e-02, -4.1424e-01,
          -5.2943e-01,  2.5030e-03]],

        [[-2.8673e-01,  2.3287e+00, -9.0252e-01,  1.6095e+00,  1.2129e+00,
          -6.7294e-02, -9.5971e-04, -6.7920e-03,  7.2852e-03, -8.5261e-03,
           4.9940e-03,  3.1657e-02]],

        [[-2.8145e-01,  2.2511e+00, -8.2834e-01,  1.6505e+00,  1.0144e+00,
          -1.1742e+00, -9.4389e-01, -4.0987e-03,  4.9290e-03,  9.5835e-01,
          -2.2158e-01,  9.9770e-02]],

        [[ 4.7808e-01,  1.9600e+00, -5.0286e-01,  5.7758e-01, -6.0063e-01,
           2.5002e+00,  1.8393e-01, -7.5780e-04,  2.0598e-03, -4.2846e-02,
           1.0817e-01, -2.9346e-01]],

        [[-8.1330e-02,  2.0896e+00, -6.1911e-01, -1.0721e+00, -8.2084e-01,
           1.7570e+00, -5.6285e-01,  8.6553e-02, -3.8986e-01, -4.7768e-01,
           2.2019e-01, -1.5470e+00]],

        [[ 8.3683e-01,  2.2661e+00, -8.8931e-01,  1.6555e+00, -1.0362e+00,
           1.2692e+00, -2.1058e-01,  2.9523e-03, -3.1557e-03,  1.5133e-01,
           3.8879e-02, -2.6416e-01]],

        [[-2.0655e-01,  2.1262e+00, -6.8373e-01, -1.2278e+00, -8.3230e-01,
          -2.9067e+00,  2.1871e-01,  1.0938e+00, -1.2834e+00, -9.7085e-02,
           6.2796e-01,  7.5655e-01]],

        [[-1.2840e-01,  2.0123e+00, -7.3624e-01,  1.5570e+00,  7.3752e-01,
          -7.5176e-01,  2.5930e-02, -2.6776e-03,  3.7074e-03,  8.1506e-02,
           4.3095e-02, -9.3841e-02]],

        [[-1.5071e-01,  2.0219e+00, -8.0897e-01,  1.4686e+00,  7.5014e-01,
          -9.2129e-01,  1.4778e-02, -6.1853e-03,  6.7218e-03, -2.4827e-02,
           1.0955e-02,  1.3468e-01]],

        [[ 1.8030e-02,  1.9522e+00, -5.8549e-01, -9.7985e-01, -5.2970e-01,
           1.7103e+00,  2.1304e-02,  9.8835e-02, -1.0133e-01, -2.4374e-02,
          -6.0254e-03, -3.8463e-02]],

        [[-2.7399e-01,  2.3390e+00, -1.2101e+00,  1.0944e+00,  1.1973e+00,
          -2.1494e+00,  2.2927e-01, -1.7734e-03,  2.9304e-03, -2.9795e-01,
          -1.5229e-01,  2.1232e+00]],

        [[-2.1564e-01,  2.2506e+00, -6.1781e-01, -1.1376e+00, -1.2048e+00,
           1.7202e+00,  1.1782e+00,  3.6899e-03, -1.7647e-03,  5.3206e-01,
          -1.9560e-01, -4.8781e-01]],

        [[-1.0767e-01,  2.1282e+00, -6.7534e-01, -1.1148e+00, -8.1726e-01,
           1.7817e+00, -2.4730e-02,  1.4979e+00, -4.5315e-02, -5.6911e-01,
           4.3979e-01, -1.1049e-01]],

        [[-2.4934e-01,  2.3275e+00, -1.1481e+00,  1.1324e+00,  1.1643e+00,
          -1.1455e+00,  6.1530e-01,  1.0899e+00, -2.1711e-01, -3.4123e-01,
          -4.0629e-01,  9.0319e-01]],

        [[ 5.7221e-01,  2.0799e+00, -4.5030e-01,  5.6419e-01, -9.6329e-01,
           2.5257e+00, -5.4485e-01, -6.3603e-03, -4.0714e-05, -1.3828e-01,
          -1.9630e-01, -1.5196e-01]]], device='cuda:0'), seed=None, success=tensor([[False],
        [False],
        [False],
        [False],
        [False],
        [False],
        [False],
        [False],
        [False],
        [False],
        [False],
        [False],
        [False],
        [False],
        [False],
        [False],
        [False],
        [False],
        [False],
        [False]], device='cuda:0'), position_error=tensor([[2.9175e-05],
        [1.2116e-05],
        [1.2367e-05],
        [6.2830e-05],
        [5.8236e-05],
        [5.2561e-05],
        [3.8526e-05],
        [5.8230e-05],
        [2.5993e-05],
        [2.9075e-05],
        [5.8343e-05],
        [5.2284e-05],
        [4.6110e-05],
        [6.0223e-05],
        [5.4776e-05],
        [3.3011e-05],
        [3.8397e-05],
        [5.2574e-05],
        [1.4583e-05],
        [2.9159e-05]], device='cuda:0'), rotation_error=tensor([[4.9348e-06],
        [6.6136e-06],
        [8.9006e-07],
        [1.7711e-05],
        [1.1304e-05],
        [1.2581e-05],
        [1.7803e-05],
        [1.7106e-05],
        [1.6703e-05],
        [6.4457e-06],
        [9.8153e-06],
        [1.2115e-05],
        [5.4283e-06],
        [1.0817e-05],
        [4.1206e-06],
        [2.9465e-06],
        [1.2178e-05],
        [1.3437e-05],
        [3.2657e-06],
        [1.7509e-05]], device='cuda:0'), error=tensor([[3.4110e-05],
        [1.8730e-05],
        [1.3257e-05],
        [8.0541e-05],
        [6.9540e-05],
        [6.5142e-05],
        [5.6329e-05],
        [7.5337e-05],
        [4.2696e-05],
        [3.5521e-05],
        [6.8159e-05],
        [6.4400e-05],
        [5.1538e-05],
        [7.1041e-05],
        [5.8896e-05],
        [3.5957e-05],
        [5.0575e-05],
        [6.6011e-05],
        [1.7849e-05],
        [4.6668e-05]], device='cuda:0'), solve_time=0.22873139381408691, debug_info={'solver': {'steps': [[], []], 'cost': [[], []]}}, goalset_index=tensor([[0],
        [0],
        [0],
        [0],
        [0],
        [0],
        [0],
        [0],
        [0],
        [0],
        [0],
        [0],
        [0],
        [0],
        [0],
        [0],
        [0],
        [0],
        [0],
        [0]], device='cuda:0', dtype=torch.int32))



第一次左臂 fl_ee_link
result
IKResult(js_solution=JointState(position=tensor([[[    nan,     nan,     nan,     nan,     nan,     nan,  0.0400,
          -0.0400,     nan,     nan,     nan,     nan,     nan,     nan,
           0.0400, -0.0400]],

        [[    nan,     nan,     nan,     nan,     nan,     nan,  0.0400,
          -0.0400,     nan,     nan,     nan,     nan,     nan,     nan,
           0.0400, -0.0400]],

        [[    nan,     nan,     nan,     nan,     nan,     nan,  0.0400,
          -0.0400,     nan,     nan,     nan,     nan,     nan,     nan,
           0.0400, -0.0400]],

        [[    nan,     nan,     nan,     nan,     nan,     nan,  0.0400,
          -0.0400,     nan,     nan,     nan,     nan,     nan,     nan,
           0.0400, -0.0400]],

        [[    nan,     nan,     nan,     nan,     nan,     nan,  0.0400,
          -0.0400,     nan,     nan,     nan,     nan,     nan,     nan,
           0.0400, -0.0400]],

        [[    nan,     nan,     nan,     nan,     nan,     nan,  0.0400,
          -0.0400,     nan,     nan,     nan,     nan,     nan,     nan,
           0.0400, -0.0400]],

        [[    nan,     nan,     nan,     nan,     nan,     nan,  0.0400,
          -0.0400,     nan,     nan,     nan,     nan,     nan,     nan,
           0.0400, -0.0400]],

        [[    nan,     nan,     nan,     nan,     nan,     nan,  0.0400,
          -0.0400,     nan,     nan,     nan,     nan,     nan,     nan,
           0.0400, -0.0400]],

        [[    nan,     nan,     nan,     nan,     nan,     nan,  0.0400,
          -0.0400,     nan,     nan,     nan,     nan,     nan,     nan,
           0.0400, -0.0400]],

        [[    nan,     nan,     nan,     nan,     nan,     nan,  0.0400,
          -0.0400,     nan,     nan,     nan,     nan,     nan,     nan,
           0.0400, -0.0400]],

        [[    nan,     nan,     nan,     nan,     nan,     nan,  0.0400,
          -0.0400,     nan,     nan,     nan,     nan,     nan,     nan,
           0.0400, -0.0400]],

        [[    nan,     nan,     nan,     nan,     nan,     nan,  0.0400,
          -0.0400,     nan,     nan,     nan,     nan,     nan,     nan,
           0.0400, -0.0400]],

        [[    nan,     nan,     nan,     nan,     nan,     nan,  0.0400,
          -0.0400,     nan,     nan,     nan,     nan,     nan,     nan,
           0.0400, -0.0400]],

        [[    nan,     nan,     nan,     nan,     nan,     nan,  0.0400,
          -0.0400,     nan,     nan,     nan,     nan,     nan,     nan,
           0.0400, -0.0400]],

        [[    nan,     nan,     nan,     nan,     nan,     nan,  0.0400,
          -0.0400,     nan,     nan,     nan,     nan,     nan,     nan,
           0.0400, -0.0400]],

        [[    nan,     nan,     nan,     nan,     nan,     nan,  0.0400,
          -0.0400,     nan,     nan,     nan,     nan,     nan,     nan,
           0.0400, -0.0400]],

        [[    nan,     nan,     nan,     nan,     nan,     nan,  0.0400,
          -0.0400,     nan,     nan,     nan,     nan,     nan,     nan,
           0.0400, -0.0400]],

        [[    nan,     nan,     nan,     nan,     nan,     nan,  0.0400,
          -0.0400,     nan,     nan,     nan,     nan,     nan,     nan,
           0.0400, -0.0400]],

        [[    nan,     nan,     nan,     nan,     nan,     nan,  0.0400,
          -0.0400,     nan,     nan,     nan,     nan,     nan,     nan,
           0.0400, -0.0400]],

        [[    nan,     nan,     nan,     nan,     nan,     nan,  0.0400,
          -0.0400,     nan,     nan,     nan,     nan,     nan,     nan,
           0.0400, -0.0400]]], device='cuda:0'), velocity=tensor([[[0., 0., 0., 0., 0., 0., 0., 0., 0., 0., 0., 0., 0., 0., 0., 0.]],

        [[0., 0., 0., 0., 0., 0., 0., 0., 0., 0., 0., 0., 0., 0., 0., 0.]],

        [[0., 0., 0., 0., 0., 0., 0., 0., 0., 0., 0., 0., 0., 0., 0., 0.]],

        [[0., 0., 0., 0., 0., 0., 0., 0., 0., 0., 0., 0., 0., 0., 0., 0.]],

        [[0., 0., 0., 0., 0., 0., 0., 0., 0., 0., 0., 0., 0., 0., 0., 0.]],

        [[0., 0., 0., 0., 0., 0., 0., 0., 0., 0., 0., 0., 0., 0., 0., 0.]],

        [[0., 0., 0., 0., 0., 0., 0., 0., 0., 0., 0., 0., 0., 0., 0., 0.]],

        [[0., 0., 0., 0., 0., 0., 0., 0., 0., 0., 0., 0., 0., 0., 0., 0.]],

        [[0., 0., 0., 0., 0., 0., 0., 0., 0., 0., 0., 0., 0., 0., 0., 0.]],

        [[0., 0., 0., 0., 0., 0., 0., 0., 0., 0., 0., 0., 0., 0., 0., 0.]],

        [[0., 0., 0., 0., 0., 0., 0., 0., 0., 0., 0., 0., 0., 0., 0., 0.]],

        [[0., 0., 0., 0., 0., 0., 0., 0., 0., 0., 0., 0., 0., 0., 0., 0.]],

        [[0., 0., 0., 0., 0., 0., 0., 0., 0., 0., 0., 0., 0., 0., 0., 0.]],

        [[0., 0., 0., 0., 0., 0., 0., 0., 0., 0., 0., 0., 0., 0., 0., 0.]],

        [[0., 0., 0., 0., 0., 0., 0., 0., 0., 0., 0., 0., 0., 0., 0., 0.]],

        [[0., 0., 0., 0., 0., 0., 0., 0., 0., 0., 0., 0., 0., 0., 0., 0.]],

        [[0., 0., 0., 0., 0., 0., 0., 0., 0., 0., 0., 0., 0., 0., 0., 0.]],

        [[0., 0., 0., 0., 0., 0., 0., 0., 0., 0., 0., 0., 0., 0., 0., 0.]],

        [[0., 0., 0., 0., 0., 0., 0., 0., 0., 0., 0., 0., 0., 0., 0., 0.]],

        [[0., 0., 0., 0., 0., 0., 0., 0., 0., 0., 0., 0., 0., 0., 0., 0.]]],
       device='cuda:0'), acceleration=tensor([[[0., 0., 0., 0., 0., 0., 0., 0., 0., 0., 0., 0., 0., 0., 0., 0.]],

        [[0., 0., 0., 0., 0., 0., 0., 0., 0., 0., 0., 0., 0., 0., 0., 0.]],

        [[0., 0., 0., 0., 0., 0., 0., 0., 0., 0., 0., 0., 0., 0., 0., 0.]],

        [[0., 0., 0., 0., 0., 0., 0., 0., 0., 0., 0., 0., 0., 0., 0., 0.]],

        [[0., 0., 0., 0., 0., 0., 0., 0., 0., 0., 0., 0., 0., 0., 0., 0.]],

        [[0., 0., 0., 0., 0., 0., 0., 0., 0., 0., 0., 0., 0., 0., 0., 0.]],

        [[0., 0., 0., 0., 0., 0., 0., 0., 0., 0., 0., 0., 0., 0., 0., 0.]],

        [[0., 0., 0., 0., 0., 0., 0., 0., 0., 0., 0., 0., 0., 0., 0., 0.]],

        [[0., 0., 0., 0., 0., 0., 0., 0., 0., 0., 0., 0., 0., 0., 0., 0.]],

        [[0., 0., 0., 0., 0., 0., 0., 0., 0., 0., 0., 0., 0., 0., 0., 0.]],

        [[0., 0., 0., 0., 0., 0., 0., 0., 0., 0., 0., 0., 0., 0., 0., 0.]],

        [[0., 0., 0., 0., 0., 0., 0., 0., 0., 0., 0., 0., 0., 0., 0., 0.]],

        [[0., 0., 0., 0., 0., 0., 0., 0., 0., 0., 0., 0., 0., 0., 0., 0.]],

        [[0., 0., 0., 0., 0., 0., 0., 0., 0., 0., 0., 0., 0., 0., 0., 0.]],

        [[0., 0., 0., 0., 0., 0., 0., 0., 0., 0., 0., 0., 0., 0., 0., 0.]],

        [[0., 0., 0., 0., 0., 0., 0., 0., 0., 0., 0., 0., 0., 0., 0., 0.]],

        [[0., 0., 0., 0., 0., 0., 0., 0., 0., 0., 0., 0., 0., 0., 0., 0.]],

        [[0., 0., 0., 0., 0., 0., 0., 0., 0., 0., 0., 0., 0., 0., 0., 0.]],

        [[0., 0., 0., 0., 0., 0., 0., 0., 0., 0., 0., 0., 0., 0., 0., 0.]],

        [[0., 0., 0., 0., 0., 0., 0., 0., 0., 0., 0., 0., 0., 0., 0., 0.]]],
       device='cuda:0'), joint_names=['fl_joint1', 'fl_joint2', 'fl_joint3', 'fl_joint4', 'fl_joint5', 'fl_joint6', 'fl_joint7', 'fl_joint8', 'fr_joint1', 'fr_joint2', 'fr_joint3', 'fr_joint4', 'fr_joint5', 'fr_joint6', 'fr_joint7', 'fr_joint8'], jerk=tensor([[[0., 0., 0., 0., 0., 0., 0., 0., 0., 0., 0., 0., 0., 0., 0., 0.]],

        [[0., 0., 0., 0., 0., 0., 0., 0., 0., 0., 0., 0., 0., 0., 0., 0.]],

        [[0., 0., 0., 0., 0., 0., 0., 0., 0., 0., 0., 0., 0., 0., 0., 0.]],

        [[0., 0., 0., 0., 0., 0., 0., 0., 0., 0., 0., 0., 0., 0., 0., 0.]],

        [[0., 0., 0., 0., 0., 0., 0., 0., 0., 0., 0., 0., 0., 0., 0., 0.]],

        [[0., 0., 0., 0., 0., 0., 0., 0., 0., 0., 0., 0., 0., 0., 0., 0.]],

        [[0., 0., 0., 0., 0., 0., 0., 0., 0., 0., 0., 0., 0., 0., 0., 0.]],

        [[0., 0., 0., 0., 0., 0., 0., 0., 0., 0., 0., 0., 0., 0., 0., 0.]],

        [[0., 0., 0., 0., 0., 0., 0., 0., 0., 0., 0., 0., 0., 0., 0., 0.]],

        [[0., 0., 0., 0., 0., 0., 0., 0., 0., 0., 0., 0., 0., 0., 0., 0.]],

        [[0., 0., 0., 0., 0., 0., 0., 0., 0., 0., 0., 0., 0., 0., 0., 0.]],

        [[0., 0., 0., 0., 0., 0., 0., 0., 0., 0., 0., 0., 0., 0., 0., 0.]],

        [[0., 0., 0., 0., 0., 0., 0., 0., 0., 0., 0., 0., 0., 0., 0., 0.]],

        [[0., 0., 0., 0., 0., 0., 0., 0., 0., 0., 0., 0., 0., 0., 0., 0.]],

        [[0., 0., 0., 0., 0., 0., 0., 0., 0., 0., 0., 0., 0., 0., 0., 0.]],

        [[0., 0., 0., 0., 0., 0., 0., 0., 0., 0., 0., 0., 0., 0., 0., 0.]],

        [[0., 0., 0., 0., 0., 0., 0., 0., 0., 0., 0., 0., 0., 0., 0., 0.]],

        [[0., 0., 0., 0., 0., 0., 0., 0., 0., 0., 0., 0., 0., 0., 0., 0.]],

        [[0., 0., 0., 0., 0., 0., 0., 0., 0., 0., 0., 0., 0., 0., 0., 0.]],

        [[0., 0., 0., 0., 0., 0., 0., 0., 0., 0., 0., 0., 0., 0., 0., 0.]]],
       device='cuda:0'), tensor_args=TensorDeviceType(device=device(type='cuda', index=0), dtype=torch.float32, collision_geometry_dtype=torch.float32, collision_gradient_dtype=torch.float32, collision_distance_dtype=torch.float32), aux_data={}), goal_pose=Pose(position=tensor([[0.4758, 0.1611, 0.8039],
        [0.5595, 0.1867, 0.8044],
        [0.5204, 0.1342, 0.7848],
        [0.4549, 0.1677, 0.7742],
        [0.5233, 0.2198, 0.7948],
        [0.4511, 0.1642, 0.7797],
        [0.4895, 0.2113, 0.7897],
        [0.5290, 0.1347, 0.8012],
        [0.4712, 0.1680, 0.8048],
        [0.4450, 0.1675, 0.7869],
        [0.5154, 0.1939, 0.7563],
        [0.5154, 0.1939, 0.7563],
        [0.5154, 0.1939, 0.7563],
        [0.5154, 0.1939, 0.7563],
        [0.5154, 0.1939, 0.7563],
        [0.5154, 0.1939, 0.7563],
        [0.5154, 0.1939, 0.7563],
        [0.5154, 0.1939, 0.7563],
        [0.5154, 0.1939, 0.7563],
        [0.5154, 0.1939, 0.7563]], device='cuda:0'), quaternion=tensor([[ 0.0027, -0.7119,  0.5754, -0.4026],
        [ 0.3348,  0.7485, -0.4919,  0.2928],
        [ 0.1497, -0.9005,  0.0228, -0.4076],
        [ 0.1363,  0.6638, -0.5771,  0.4557],
        [ 0.1674,  0.9159,  0.1309,  0.3407],
        [ 0.2757, -0.7845,  0.3803, -0.4049],
        [ 0.2638,  0.8704,  0.3786,  0.1716],
        [ 0.1497, -0.9005,  0.0228, -0.4076],
        [ 0.1395,  0.5093, -0.6990,  0.4822],
        [ 0.0552, -0.6307,  0.6634, -0.3988],
        [ 0.2937,  0.6779, -0.5854,  0.3340],
        [ 0.2937,  0.6779, -0.5854,  0.3340],
        [ 0.2937,  0.6779, -0.5854,  0.3340],
        [ 0.2937,  0.6779, -0.5854,  0.3340],
        [ 0.2937,  0.6779, -0.5854,  0.3340],
        [ 0.2937,  0.6779, -0.5854,  0.3340],
        [ 0.2937,  0.6779, -0.5854,  0.3340],
        [ 0.2937,  0.6779, -0.5854,  0.3340],
        [ 0.2937,  0.6779, -0.5854,  0.3340],
        [ 0.2937,  0.6779, -0.5854,  0.3340]], device='cuda:0'), rotation=None, batch=20, n_goalset=1, name='ee_link', normalize_rotation=False), solution=tensor([[[nan, nan, nan, nan, nan, nan, nan, nan, nan, nan, nan, nan]],

        [[nan, nan, nan, nan, nan, nan, nan, nan, nan, nan, nan, nan]],

        [[nan, nan, nan, nan, nan, nan, nan, nan, nan, nan, nan, nan]],

        [[nan, nan, nan, nan, nan, nan, nan, nan, nan, nan, nan, nan]],

        [[nan, nan, nan, nan, nan, nan, nan, nan, nan, nan, nan, nan]],

        [[nan, nan, nan, nan, nan, nan, nan, nan, nan, nan, nan, nan]],

        [[nan, nan, nan, nan, nan, nan, nan, nan, nan, nan, nan, nan]],

        [[nan, nan, nan, nan, nan, nan, nan, nan, nan, nan, nan, nan]],

        [[nan, nan, nan, nan, nan, nan, nan, nan, nan, nan, nan, nan]],

        [[nan, nan, nan, nan, nan, nan, nan, nan, nan, nan, nan, nan]],

        [[nan, nan, nan, nan, nan, nan, nan, nan, nan, nan, nan, nan]],

        [[nan, nan, nan, nan, nan, nan, nan, nan, nan, nan, nan, nan]],

        [[nan, nan, nan, nan, nan, nan, nan, nan, nan, nan, nan, nan]],

        [[nan, nan, nan, nan, nan, nan, nan, nan, nan, nan, nan, nan]],

        [[nan, nan, nan, nan, nan, nan, nan, nan, nan, nan, nan, nan]],

        [[nan, nan, nan, nan, nan, nan, nan, nan, nan, nan, nan, nan]],

        [[nan, nan, nan, nan, nan, nan, nan, nan, nan, nan, nan, nan]],

        [[nan, nan, nan, nan, nan, nan, nan, nan, nan, nan, nan, nan]],

        [[nan, nan, nan, nan, nan, nan, nan, nan, nan, nan, nan, nan]],

        [[nan, nan, nan, nan, nan, nan, nan, nan, nan, nan, nan, nan]]],
       device='cuda:0'), seed=None, success=tensor([[False],
        [False],
        [False],
        [False],
        [False],
        [False],
        [False],
        [False],
        [False],
        [False],
        [False],
        [False],
        [False],
        [False],
        [False],
        [False],
        [False],
        [False],
        [False],
        [False]], device='cuda:0'), position_error=tensor([[nan],
        [nan],
        [nan],
        [nan],
        [nan],
        [nan],
        [nan],
        [nan],
        [nan],
        [nan],
        [nan],
        [nan],
        [nan],
        [nan],
        [nan],
        [nan],
        [nan],
        [nan],
        [nan],
        [nan]], device='cuda:0'), rotation_error=tensor([[nan],
        [nan],
        [nan],
        [nan],
        [nan],
        [nan],
        [nan],
        [nan],
        [nan],
        [nan],
        [nan],
        [nan],
        [nan],
        [nan],
        [nan],
        [nan],
        [nan],
        [nan],
        [nan],
        [nan]], device='cuda:0'), error=tensor([[nan],
        [nan],
        [nan],
        [nan],
        [nan],
        [nan],
        [nan],
        [nan],
        [nan],
        [nan],
        [nan],
        [nan],
        [nan],
        [nan],
        [nan],
        [nan],
        [nan],
        [nan],
        [nan],
        [nan]], device='cuda:0'), solve_time=0.04855990409851074, debug_info={'solver': {'steps': [[], []], 'cost': [[], []]}}, goalset_index=tensor([[0],
        [0],
        [0],
        [0],
        [0],
        [0],
        [0],
        [0],
        [0],
        [0],
        [0],
        [0],
        [0],
        [0],
        [0],
        [0],
        [0],
        [0],
        [0],
        [0]], device='cuda:0', dtype=torch.int32))








